Component: ARM Compiler 5.06 update 6 (build 750) Tool: armlink [4d35ed]

==============================================================================

Section Cross References

    startup_stm32f407xx.o(STACK) refers (Special) to heapauxi.o(.text) for __use_two_region_memory
    startup_stm32f407xx.o(HEAP) refers (Special) to heapauxi.o(.text) for __use_two_region_memory
    startup_stm32f407xx.o(RESET) refers (Special) to heapauxi.o(.text) for __use_two_region_memory
    startup_stm32f407xx.o(RESET) refers to startup_stm32f407xx.o(STACK) for __initial_sp
    startup_stm32f407xx.o(RESET) refers to startup_stm32f407xx.o(.text) for Reset_Handler
    startup_stm32f407xx.o(RESET) refers to stm32f4xx_it.o(i.NMI_Handler) for NMI_Handler
    startup_stm32f407xx.o(RESET) refers to stm32f4xx_it.o(i.HardFault_Handler) for HardFault_Handler
    startup_stm32f407xx.o(RESET) refers to stm32f4xx_it.o(i.MemManage_Handler) for MemManage_Handler
    startup_stm32f407xx.o(RESET) refers to stm32f4xx_it.o(i.BusFault_Handler) for BusFault_Handler
    startup_stm32f407xx.o(RESET) refers to stm32f4xx_it.o(i.UsageFault_Handler) for UsageFault_Handler
    startup_stm32f407xx.o(RESET) refers to stm32f4xx_it.o(i.SVC_Handler) for SVC_Handler
    startup_stm32f407xx.o(RESET) refers to stm32f4xx_it.o(i.DebugMon_Handler) for DebugMon_Handler
    startup_stm32f407xx.o(RESET) refers to stm32f4xx_it.o(i.PendSV_Handler) for PendSV_Handler
    startup_stm32f407xx.o(RESET) refers to stm32f4xx_it.o(i.SysTick_Handler) for SysTick_Handler
    startup_stm32f407xx.o(RESET) refers to tim.o(i.TIM4_IRQHandler) for TIM4_IRQHandler
    startup_stm32f407xx.o(RESET) refers to usart.o(i.USART1_IRQHandler) for USART1_IRQHandler
    startup_stm32f407xx.o(RESET) refers to usart.o(i.USART2_IRQHandler) for USART2_IRQHandler
    startup_stm32f407xx.o(RESET) refers to imu.o(i.USART3_IRQHandler) for USART3_IRQHandler
    startup_stm32f407xx.o(.text) refers (Special) to heapauxi.o(.text) for __use_two_region_memory
    startup_stm32f407xx.o(.text) refers to system_stm32f4xx.o(i.SystemInit) for SystemInit
    startup_stm32f407xx.o(.text) refers to __main.o(!!!main) for __main
    startup_stm32f407xx.o(.text) refers to startup_stm32f407xx.o(HEAP) for Heap_Mem
    startup_stm32f407xx.o(.text) refers to startup_stm32f407xx.o(STACK) for Stack_Mem
    main.o(i.Error_Handler) refers to main.o(.data) for .data
    main.o(i.SystemClock_Config) refers to rt_memclr_w.o(.text) for __aeabi_memclr4
    main.o(i.SystemClock_Config) refers to stm32f4xx_hal_rcc.o(i.HAL_RCC_OscConfig) for HAL_RCC_OscConfig
    main.o(i.SystemClock_Config) refers to stm32f4xx_hal_rcc.o(i.HAL_RCC_ClockConfig) for HAL_RCC_ClockConfig
    main.o(i.SystemClock_Config) refers to main.o(i.Error_Handler) for Error_Handler
    main.o(i.main) refers to stm32f4xx_hal.o(i.HAL_Init) for HAL_Init
    main.o(i.main) refers to main.o(i.SystemClock_Config) for SystemClock_Config
    main.o(i.main) refers to gpio.o(i.MX_GPIO_Init) for MX_GPIO_Init
    main.o(i.main) refers to usart.o(i.MX_USART1_UART_Init) for MX_USART1_UART_Init
    main.o(i.main) refers to usart.o(i.MX_USART2_UART_Init) for MX_USART2_UART_Init
    main.o(i.main) refers to usart.o(i.MX_USART3_UART_Init) for MX_USART3_UART_Init
    main.o(i.main) refers to tim.o(i.MX_TIM4_Init) for MX_TIM4_Init
    main.o(i.main) refers to tim.o(i.MX_TIM13_Init) for MX_TIM13_Init
    main.o(i.main) refers to servo.o(i.servo_init) for servo_init
    main.o(i.main) refers to imu.o(i.imu_init) for imu_init
    main.o(i.main) refers to balane.o(i.param_init) for param_init
    main.o(i.main) refers to stm32f4xx_hal_tim.o(i.HAL_TIM_PWM_Start) for HAL_TIM_PWM_Start
    main.o(i.main) refers to zf_device_key.o(i.key_init) for key_init
    main.o(i.main) refers to zf_device_key.o(i.key_scanner) for key_scanner
    main.o(i.main) refers to imu.o(i.imu_task) for imu_task
    main.o(i.main) refers to zf_device_key.o(i.key_get_state) for key_get_state
    main.o(i.main) refers to odrive.o(i.odrive_speed_ctl) for odrive_speed_ctl
    main.o(i.main) refers to stm32f4xx_hal_uart.o(i.HAL_UART_Transmit) for HAL_UART_Transmit
    main.o(i.main) refers to stm32f4xx_hal_uart.o(i.HAL_UART_Receive_IT) for HAL_UART_Receive_IT
    main.o(i.main) refers to servo.o(i.servo_set_duty) for servo_set_duty
    main.o(i.main) refers to zf_device_key.o(i.key_clear_all_state) for key_clear_all_state
    main.o(i.main) refers to stm32f4xx_hal.o(i.HAL_Delay) for HAL_Delay
    main.o(i.main) refers to tim.o(.bss) for htim13
    main.o(i.main) refers to balane.o(.data) for RunFlag
    main.o(i.main) refers to main.o(.data) for .data
    main.o(i.main) refers to usart.o(.bss) for huart2
    main.o(i.main) refers to usart.o(.data) for RX_dat
    tim.o(i.HAL_TIM_Base_MspDeInit) refers to stm32f4xx_hal_cortex.o(i.HAL_NVIC_DisableIRQ) for HAL_NVIC_DisableIRQ
[...]
    i.crc16_update                           0x08003cb4   Section        0  packet.o(i.crc16_update)
    crc16_update                             0x08003cb5   Thumb Code    46  packet.o(i.crc16_update)
    i.fabs                                   0x08003ce2   Section        0  fabs.o(i.fabs)
    i.gpio_get_level                         0x08003cfc   Section        0  zf_device_key.o(i.gpio_get_level)
    i.imu_data_decode_init                   0x08003d20   Section        0  imu_data_decode.o(i.imu_data_decode_init)
    i.imu_init                               0x08003d38   Section        0  imu.o(i.imu_init)
    i.imu_task                               0x08003d3c   Section        0  imu.o(i.imu_task)
    i.key_clear_all_state                    0x08003d64   Section        0  zf_device_key.o(i.key_clear_all_state)
    i.key_get_state                          0x08003d74   Section        0  zf_device_key.o(i.key_get_state)
    i.key_init                               0x08003d80   Section        0  zf_device_key.o(i.key_init)
    i.key_scanner                            0x08003d9c   Section        0  zf_device_key.o(i.key_scanner)
    i.low_pass_filter                        0x08003e0c   Section        0  imu.o(i.low_pass_filter)
    i.main                                   0x08003e3c   Section        0  main.o(i.main)
    i.odrive_analyze_speed                   0x08003f20   Section        0  odrive.o(i.odrive_analyze_speed)
    i.odrive_feedback                        0x08004070   Section        0  odrive.o(i.odrive_feedback)
    i.odrive_speed_ctl                       0x08004098   Section        0  odrive.o(i.odrive_speed_ctl)
    i.on_data_received                       0x080041d8   Section        0  imu_data_decode.o(i.on_data_received)
    on_data_received                         0x080041d9   Thumb Code   554  imu_data_decode.o(i.on_data_received)
    i.packet_decode                          0x08004414   Section        0  packet.o(i.packet_decode)
    i.packet_decode_init                     0x080044d8   Section        0  packet.o(i.packet_decode_init)
    i.param_init                             0x080044f0   Section        0  balane.o(i.param_init)
    i.servo_init                             0x08004578   Section        0  servo.o(i.servo_init)
    i.servo_set_duty                         0x08004590   Section        0  servo.o(i.servo_set_duty)
    i.set_pwm_duty                           0x080045c4   Section        0  tim.o(i.set_pwm_duty)
    i.sqrt                                   0x08004600   Section        0  sqrt.o(i.sqrt)
    i.stream2int16                           0x0800466e   Section        0  imu_data_decode.o(i.stream2int16)
    stream2int16                             0x0800466f   Thumb Code    22  imu_data_decode.o(i.stream2int16)
    x$fpl$basic                              0x08004684   Section       24  basic.o(x$fpl$basic)
    $v0                                      0x08004684   Number         0  basic.o(x$fpl$basic)
    x$fpl$d2f                                0x0800469c   Section       98  d2f.o(x$fpl$d2f)
    $v0                                      0x0800469c   Number         0  d2f.o(x$fpl$d2f)
    x$fpl$dadd                               0x08004700   Section      336  daddsub_clz.o(x$fpl$dadd)
    $v0                                      0x08004700   Number         0  daddsub_clz.o(x$fpl$dadd)
    _dadd1                                   0x08004711   Thumb Code     0  daddsub_clz.o(x$fpl$dadd)
    x$fpl$dcheck1                            0x08004850   Section       16  dcheck1.o(x$fpl$dcheck1)
    $v0                                      0x08004850   Number         0  dcheck1.o(x$fpl$dcheck1)
    x$fpl$dcmpinf                            0x08004860   Section       24  dcmpi.o(x$fpl$dcmpinf)
    $v0                                      0x08004860   Number         0  dcmpi.o(x$fpl$dcmpinf)
    x$fpl$ddiv                               0x08004878   Section      688  ddiv.o(x$fpl$ddiv)
    $v0                                      0x08004878   Number         0  ddiv.o(x$fpl$ddiv)
    ddiv_entry                               0x0800487f   Thumb Code     0  ddiv.o(x$fpl$ddiv)
    x$fpl$dflt                               0x08004b28   Section       46  dflt_clz.o(x$fpl$dflt)
    $v0                                      0x08004b28   Number         0  dflt_clz.o(x$fpl$dflt)
    x$fpl$dleqf                              0x08004b58   Section      120  dleqf.o(x$fpl$dleqf)
    $v0                                      0x08004b58   Number         0  dleqf.o(x$fpl$dleqf)
    x$fpl$dmul                               0x08004bd0   Section      340  dmul.o(x$fpl$dmul)
    $v0                                      0x08004bd0   Number         0  dmul.o(x$fpl$dmul)
    x$fpl$dnaninf                            0x08004d24   Section      156  dnaninf.o(x$fpl$dnaninf)
    $v0                                      0x08004d24   Number         0  dnaninf.o(x$fpl$dnaninf)
    x$fpl$dretinf                            0x08004dc0   Section       12  dretinf.o(x$fpl$dretinf)
    $v0                                      0x08004dc0   Number         0  dretinf.o(x$fpl$dretinf)
    x$fpl$drleqf                             0x08004dcc   Section      108  drleqf.o(x$fpl$drleqf)
    $v0                                      0x08004dcc   Number         0  drleqf.o(x$fpl$drleqf)
    x$fpl$drsb                               0x08004e38   Section       22  daddsub_clz.o(x$fpl$drsb)
    $v0                                      0x08004e38   Number         0  daddsub_clz.o(x$fpl$drsb)
    x$fpl$dsqrt                              0x08004e50   Section      408  dsqrt_umaal.o(x$fpl$dsqrt)
    $v0                                      0x08004e50   Number         0  dsqrt_umaal.o(x$fpl$dsqrt)
    x$fpl$dsub                               0x08004fe8   Section      468  daddsub_clz.o(x$fpl$dsub)
    $v0                                      0x08004fe8   Number         0  daddsub_clz.o(x$fpl$dsub)
    _dsub1                                   0x08004ff9   Thumb Code     0  daddsub_clz.o(x$fpl$dsub)
    x$fpl$f2d                                0x080051bc   Section       86  f2d.o(x$fpl$f2d)
    $v0                                      0x080051bc   Number         0  f2d.o(x$fpl$f2d)
    x$fpl$fnaninf                            0x08005212   Section      140  fnaninf.o(x$fpl$fnaninf)
    $v0                                      0x08005212   Number         0  fnaninf.o(x$fpl$fnaninf)
    x$fpl$fpinit                             0x0800529e   Section       10  fpinit.o(x$fpl$fpinit)
    $v0                                      0x0800529e   Number         0  fpinit.o(x$fpl$fpinit)
    x$fpl$fretinf                            0x080052a8   Section       10  fretinf.o(x$fpl$fretinf)
    $v0                                      0x080052a8   Number         0  fretinf.o(x$fpl$fretinf)
    x$fpl$retnan                             0x080052b2   Section      100  retnan.o(x$fpl$retnan)
    $v0                                      0x080052b2   Number         0  retnan.o(x$fpl$retnan)
    x$fpl$scalbn                             0x08005316   Section       92  scalbn.o(x$fpl$scalbn)
    $v0                                      0x08005316   Number         0  scalbn.o(x$fpl$scalbn)
    x$fpl$trapveneer                         0x08005372   Section       48  trapv.o(x$fpl$trapveneer)
    $v0                                      0x08005372   Number         0  trapv.o(x$fpl$trapveneer)
    .constdata                               0x080053a2   Section       16  system_stm32f4xx.o(.constdata)
    x$fpl$usenofp                            0x080053a2   Section        0  usenofp.o(x$fpl$usenofp)
    .constdata                               0x080053b2   Section        8  system_stm32f4xx.o(.constdata)
    .constdata                               0x080053c0   Section      136  pow.o(.constdata)
    bp                                       0x080053c0   Data          16  pow.o(.constdata)
    dp_h                                     0x080053d0   Data          16  pow.o(.constdata)
    dp_l                                     0x080053e0   Data          16  pow.o(.constdata)
    L                                        0x080053f0   Data          48  pow.o(.constdata)
    P                                        0x08005420   Data          40  pow.o(.constdata)
    .constdata                               0x08005448   Section        8  qnan.o(.constdata)
    .data                                    0x20000000   Section        4  main.o(.data)
    .data                                    0x20000004   Section       24  main.o(.data)
    .data                                    0x2000001c   Section        8  tim.o(.data)
    .data                                    0x20000024   Section       39  usart.o(.data)
    .data                                    0x2000004c   Section       32  imu.o(.data)
    fisrt_flag                               0x2000004d   Data           1  imu.o(.data)
    fisrt_flag2                              0x2000004e   Data           1  imu.o(.data)
    out_last                                 0x20000064   Data           4  imu.o(.data)
    out_last2                                0x20000068   Data           4  imu.o(.data)
    .data                                    0x2000006c   Section        1  imu_data_decode.o(.data)
    .data                                    0x20000070   Section       24  packet.o(.data)
    status                                   0x20000070   Data           1  packet.o(.data)
    CRCReceived                              0x20000072   Data           2  packet.o(.data)
    CRCCalculated                            0x20000074   Data           2  packet.o(.data)
    crc_header                               0x20000076   Data           4  packet.o(.data)
    event_handler                            0x20000080   Data           4  packet.o(.data)
    RxPkt                                    0x20000084   Data           4  packet.o(.data)
    .data                                    0x20000088   Section       68  balane.o(.data)
    Angle_Velocity_Last_Bias                 0x200000a0   Data           4  balane.o(.data)
    Angle_Velocity_Integral                  0x200000a4   Data           4  balane.o(.data)
    error                                    0x200000a8   Data           4  balane.o(.data)
    X_Balance_Last_Bias                      0x200000ac   Data           4  balane.o(.data)
    encoder_bias_integral                    0x200000b0   Data           4  balane.o(.data)
    .data                                    0x200000cc   Section        4  odrive.o(.data)
    .data                                    0x200000d0   Section       20  servo.o(.data)
    Last_image_bias                          0x200000d4   Data           4  servo.o(.data)
    bias_intergral                           0x200000d8   Data           4  servo.o(.data)
    cnt                                      0x200000dc   Data           4  servo.o(.data)
    .data                                    0x200000e4   Section       16  zf_device_key.o(.data)
    key_state                                0x200000e4   Data           2  zf_device_key.o(.data)
    scanner_period                           0x200000e8   Data           4  zf_device_key.o(.data)
    key_press_time                           0x200000ec   Data           8  zf_device_key.o(.data)
    .data                                    0x200000f4   Section       12  stm32f4xx_hal.o(.data)
    .data                                    0x20000100   Section        4  system_stm32f4xx.o(.data)
    .bss                                     0x20000104   Section      144  tim.o(.bss)
    .bss                                     0x20000194   Section      336  usart.o(.bss)
    .bss                                     0x200002e4   Section       36  imu.o(.bss)
    .bss                                     0x20000308   Section     3355  imu_data_decode.o(.bss)
    RxPkt                                    0x20000308   Data        2060  imu_data_decode.o(.bss)
    .bss                                     0x20001024   Section      188  balane.o(.bss)
    .bss                                     0x200010e0   Section       48  odrive.o(.bss)
    .bss                                     0x20001110   Section       96  libspace.o(.bss)
    HEAP                                     0x20001170   Section      512  startup_stm32f407xx.o(HEAP)
    Heap_Mem                                 0x20001170   Data         512  startup_stm32f407xx.o(HEAP)
    STACK                                    0x20001370   Section     1024  startup_stm32f407xx.o(STACK)
    Stack_Mem                                0x20001370   Data        1024  startup_stm32f407xx.o(STACK)
    __initial_sp                             0x20001770   Data           0  startup_stm32f407xx.o(STACK)

    Global Symbols

    Symbol Name                              Value     Ov Type        Size  Object(Section)

    BuildAttributes$$THM_ISAv4$E$P$D$K$B$S$7EM$VFPi3$EXTD16$VFPS$VFMA$PE$A:L22UL41UL21$X:L11$S22US41US21$IEEE1$IW$USESV6$~STKCKD$USESV7$~SHL$OTIME$ROPI$IEEEX$EBA8$UX$STANDARDLIB$REQ8$PRES8$EABIv2 0x00000000   Number         0  anon$$obj.o ABSOLUTE
    __ARM_use_no_argv                        0x00000000   Number         0  main.o ABSOLUTE
    __ARM_exceptions_init                     - Undefined Weak Reference
    __alloca_initialize                       - Undefined Weak Reference
    __arm_preinit_                            - Undefined Weak Reference
    __cpp_initialize__aeabi_                  - Undefined Weak Reference
    __cxa_finalize                            - Undefined Weak Reference
    __rt_locale                               - Undefined Weak Reference
    __sigvec_lookup                           - Undefined Weak Reference
    _atexit_init                              - Undefined Weak Reference
    _call_atexit_fns                          - Undefined Weak Reference
    _clock_init                               - Undefined Weak Reference
    _fp_trap_init                             - Undefined Weak Reference
    _fp_trap_shutdown                         - Undefined Weak Reference
    _get_lc_collate                           - Undefined Weak Reference
    _get_lc_ctype                             - Undefined Weak Reference
    _get_lc_monetary                          - Undefined Weak Reference
    _get_lc_numeric                           - Undefined Weak Reference
    _get_lc_time                              - Undefined Weak Reference
    _getenv_init                              - Undefined Weak Reference
    _handle_redirection                       - Undefined Weak Reference
    _init_alloc                               - Undefined Weak Reference
    _init_user_alloc                          - Undefined Weak Reference
    _initio                                   - Undefined Weak Reference
    _rand_init                                - Undefined Weak Reference
    _signal_finish                            - Undefined Weak Reference
    _signal_init                              - Undefined Weak Reference
    _terminate_alloc                          - Undefined Weak Reference
    _terminate_user_alloc                     - Undefined Weak Reference
    _terminateio                              - Undefined Weak Reference
    __Vectors_Size                           0x00000188   Number         0  startup_stm32f407xx.o ABSOLUTE
    __Vectors                                0x08000000   Data           4  startup_stm32f407xx.o(RESET)
    __Vectors_End                            0x08000188   Data           0  startup_stm32f407xx.o(RESET)
    __main                                   0x08000189   Thumb Code     8  __main.o(!!!main)
    __scatterload                            0x08000191   Thumb Code     0  __scatter.o(!!!scatter)
    __scatterload_rt2                        0x08000191   Thumb Code    44  __scatter.o(!!!scatter)
    __scatterload_rt2_thumb_only             0x08000191   Thumb Code     0  __scatter.o(!!!scatter)
    __scatterload_null                       0x0800019f   Thumb Code     0  __scatter.o(!!!scatter)
    __scatterload_copy                       0x080001c5   Thumb Code    26  __scatter_copy.o(!!handler_copy)
    __scatterload_zeroinit                   0x080001e1   Thumb Code    28  __scatter_zi.o(!!handler_zi)
    __rt_lib_init                            0x080001fd   Thumb Code     0  libinit.o(.ARM.Collect$$libinit$$00000000)
    __rt_lib_init_fp_1                       0x080001ff   Thumb Code     0  libinit2.o(.ARM.Collect$$libinit$$00000001)
    __rt_lib_init_alloca_1                   0x08000203   Thumb Code     0  libinit2.o(.ARM.Collect$$libinit$$0000002E)
    __rt_lib_init_argv_1                     0x08000203   Thumb Code     0  libinit2.o(.ARM.Collect$$libinit$$0000002C)
    __rt_lib_init_atexit_1                   0x08000203   Thumb Code     0  libinit2.o(.ARM.Collect$$libinit$$0000001B)
    __rt_lib_init_clock_1                    0x08000203   Thumb Code     0  libinit2.o(.ARM.Collect$$libinit$$00000021)
    __rt_lib_init_cpp_1                      0x08000203   Thumb Code     0  libinit2.o(.ARM.Collect$$libinit$$00000032)
    __rt_lib_init_exceptions_1               0x08000203   Thumb Code     0  libinit2.o(.ARM.Collect$$libinit$$00000030)
    __rt_lib_init_fp_trap_1                  0x08000203   Thumb Code     0  libinit2.o(.ARM.Collect$$libinit$$0000001F)
    __rt_lib_init_getenv_1                   0x08000203   Thumb Code     0  libinit2.o(.ARM.Collect$$libinit$$00000023)
    __rt_lib_init_heap_1                     0x08000203   Thumb Code     0  libinit2.o(.ARM.Collect$$libinit$$0000000A)
    __rt_lib_init_lc_collate_1               0x08000203   Thumb Code     0  libinit2.o(.ARM.Collect$$libinit$$00000011)
    __rt_lib_init_lc_ctype_1                 0x08000203   Thumb Code     0  libinit2.o(.ARM.Collect$$libinit$$00000013)
    __rt_lib_init_lc_monetary_1              0x08000203   Thumb Code     0  libinit2.o(.ARM.Collect$$libinit$$00000015)
    __rt_lib_init_lc_numeric_1               0x08000203   Thumb Code     0  libinit2.o(.ARM.Collect$$libinit$$00000017)
    __rt_lib_init_lc_time_1                  0x08000203   Thumb Code     0  libinit2.o(.ARM.Collect$$libinit$$00000019)
    __rt_lib_init_preinit_1                  0x08000203   Thumb Code     0  libinit2.o(.ARM.Collect$$libinit$$00000004)
    __rt_lib_init_rand_1                     0x08000203   Thumb Code     0  libinit2.o(.ARM.Collect$$libinit$$0000000E)
    __rt_lib_init_return                     0x08000203   Thumb Code     0  libinit2.o(.ARM.Collect$$libinit$$00000033)
    __rt_lib_init_signal_1                   0x08000203   Thumb Code     0  libinit2.o(.ARM.Collect$$libinit$$0000001D)
    __rt_lib_init_stdio_1                    0x08000203   Thumb Code     0  libinit2.o(.ARM.Collect$$libinit$$00000025)
    __rt_lib_init_user_alloc_1               0x08000203   Thumb Code     0  libinit2.o(.ARM.Collect$$libinit$$0000000C)
    __rt_lib_shutdown                        0x08000205   Thumb Code     0  libshutdown.o(.ARM.Collect$$libshutdown$$00000000)
    __rt_lib_shutdown_cpp_1                  0x08000207   Thumb Code     0  libshutdown2.o(.ARM.Collect$$libshutdown$$00000002)
    __rt_lib_shutdown_fp_trap_1              0x08000207   Thumb Code     0  libshutdown2.o(.ARM.Collect$$libshutdown$$00000007)
    __rt_lib_shutdown_heap_1                 0x08000207   Thumb Code     0  libshutdown2.o(.ARM.Collect$$libshutdown$$0000000F)
    __rt_lib_shutdown_return                 0x08000207   Thumb Code     0  libshutdown2.o(.ARM.Collect$$libshutdown$$00000010)
    __rt_lib_shutdown_signal_1               0x08000207   Thumb Code     0  libshutdown2.o(.ARM.Collect$$libshutdown$$0000000A)
    __rt_lib_shutdown_stdio_1                0x08000207   Thumb Code     0  libshutdown2.o(.ARM.Collect$$libshutdown$$00000004)
    __rt_lib_shutdown_user_alloc_1           0x08000207   Thumb Code     0  libshutdown2.o(.ARM.Collect$$libshutdown$$0000000C)
    __rt_entry                               0x08000209   Thumb Code     0  __rtentry.o(.ARM.Collect$$rtentry$$00000000)
    __rt_entry_presh_1                       0x08000209   Thumb Code     0  __rtentry2.o(.ARM.Collect$$rtentry$$00000002)
    __rt_entry_sh                            0x08000209   Thumb Code     0  __rtentry4.o(.ARM.Collect$$rtentry$$00000004)
    __rt_entry_li                            0x0800020f   Thumb Code     0  __rtentry2.o(.ARM.Collect$$rtentry$$0000000A)
    __rt_entry_postsh_1                      0x0800020f   Thumb Code     0  __rtentry2.o(.ARM.Collect$$rtentry$$00000009)
    __rt_entry_main                          0x08000213   Thumb Code     0  __rtentry2.o(.ARM.Collect$$rtentry$$0000000D)
    __rt_entry_postli_1                      0x08000213   Thumb Code     0  __rtentry2.o(.ARM.Collect$$rtentry$$0000000C)
    __rt_exit                                0x0800021b   Thumb Code     0  rtexit.o(.ARM.Collect$$rtexit$$00000000)
    __rt_exit_ls                             0x0800021d   Thumb Code     0  rtexit2.o(.ARM.Collect$$rtexit$$00000003)
    __rt_exit_prels_1                        0x0800021d   Thumb Code     0  rtexit2.o(.ARM.Collect$$rtexit$$00000002)
    __rt_exit_exit                           0x08000221   Thumb Code     0  rtexit2.o(.ARM.Collect$$rtexit$$00000004)
    Reset_Handler                            0x08000229   Thumb Code     8  startup_stm32f407xx.o(.text)
    ADC_IRQHandler                           0x08000243   Thumb Code     0  startup_stm32f407xx.o(.text)
    CAN1_RX0_IRQHandler                      0x08000243   Thumb Code     0  startup_stm32f407xx.o(.text)
    CAN1_RX1_IRQHandler                      0x08000243   Thumb Code     0  startup_stm32f407xx.o(.text)
    CAN1_SCE_IRQHandler                      0x08000243   Thumb Code     0  startup_stm32f407xx.o(.text)
    CAN1_TX_IRQHandler                       0x08000243   Thumb Code     0  startup_stm32f407xx.o(.text)
    CAN2_RX0_IRQHandler                      0x08000243   Thumb Code     0  startup_stm32f407xx.o(.text)
    CAN2_RX1_IRQHandler                      0x08000243   Thumb Code     0  startup_stm32f407xx.o(.text)
    CAN2_SCE_IRQHandler                      0x08000243   Thumb Code     0  startup_stm32f407xx.o(.text)
    CAN2_TX_IRQHandler                       0x08000243   Thumb Code     0  startup_stm32f407xx.o(.text)
    DCMI_IRQHandler                          0x08000243   Thumb Code     0  startup_stm32f407xx.o(.text)
    DMA1_Stream0_IRQHandler                  0x08000243   Thumb Code     0  startup_stm32f407xx.o(.text)
    DMA1_Stream1_IRQHandler                  0x08000243   Thumb Code     0  startup_stm32f407xx.o(.text)
    DMA1_Stream2_IRQHandler                  0x08000243   Thumb Code     0  startup_stm32f407xx.o(.text)
    DMA1_Stream3_IRQHandler                  0x08000243   Thumb Code     0  startup_stm32f407xx.o(.text)
    DMA1_Stream4_IRQHandler                  0x08000243   Thumb Code     0  startup_stm32f407xx.o(.text)
    DMA1_Stream5_IRQHandler                  0x08000243   Thumb Code     0  startup_stm32f407xx.o(.text)
    DMA1_Stream6_IRQHandler                  0x08000243   Thumb Code     0  startup_stm32f407xx.o(.text)
    DMA1_Stream7_IRQHandler                  0x08000243   Thumb Code     0  startup_stm32f407xx.o(.text)
    DMA2_Stream0_IRQHandler                  0x08000243   Thumb Code     0  startup_stm32f407xx.o(.text)
    DMA2_Stream1_IRQHandler                  0x08000243   Thumb Code     0  startup_stm32f407xx.o(.text)
    DMA2_Stream2_IRQHandler                  0x08000243   Thumb Code     0  startup_stm32f407xx.o(.text)
    DMA2_Stream3_IRQHandler                  0x08000243   Thumb Code     0  startup_stm32f407xx.o(.text)
    DMA2_Stream4_IRQHandler                  0x08000243   Thumb Code     0  startup_stm32f407xx.o(.text)
    DMA2_Stream5_IRQHandler                  0x08000243   Thumb Code     0  startup_stm32f407xx.o(.text)
    DMA2_Stream6_IRQHandler                  0x08000243   Thumb Code     0  startup_stm32f407xx.o(.text)
    DMA2_Stream7_IRQHandler                  0x08000243   Thumb Code     0  startup_stm32f407xx.o(.text)
    ETH_IRQHandler                           0x08000243   Thumb Code     0  startup_stm32f407xx.o(.text)
    ETH_WKUP_IRQHandler                      0x08000243   Thumb Code     0  startup_stm32f407xx.o(.text)
    EXTI0_IRQHandler                         0x08000243   Thumb Code     0  startup_stm32f407xx.o(.text)
    EXTI15_10_IRQHandler                     0x08000243   Thumb Code     0  startup_stm32f407xx.o(.text)
    EXTI1_IRQHandler                         0x08000243   Thumb Code     0  startup_stm32f407xx.o(.text)
    EXTI2_IRQHandler                         0x08000243   Thumb Code     0  startup_stm32f407xx.o(.text)
    EXTI3_IRQHandler                         0x08000243   Thumb Code     0  startup_stm32f407xx.o(.text)
    EXTI4_IRQHandler                         0x08000243   Thumb Code     0  startup_stm32f407xx.o(.text)
    EXTI9_5_IRQHandler                       0x08000243   Thumb Code     0  startup_stm32f407xx.o(.text)
    FLASH_IRQHandler                         0x08000243   Thumb Code     0  startup_stm32f407xx.o(.text)
    FMC_IRQHandler                           0x08000243   Thumb Code     0  startup_stm32f407xx.o(.text)
    FPU_IRQHandler                           0x08000243   Thumb Code     0  startup_stm32f407xx.o(.text)
    HASH_RNG_IRQHandler                      0x08000243   Thumb Code     0  startup_stm32f407xx.o(.text)
    I2C1_ER_IRQHandler                       0x08000243   Thumb Code     0  startup_stm32f407xx.o(.text)
    I2C1_EV_IRQHandler                       0x08000243   Thumb Code     0  startup_stm32f407xx.o(.text)
    I2C2_ER_IRQHandler                       0x08000243   Thumb Code     0  startup_stm32f407xx.o(.text)
    I2C2_EV_IRQHandler                       0x08000243   Thumb Code     0  startup_stm32f407xx.o(.text)
    I2C3_ER_IRQHandler                       0x08000243   Thumb Code     0  startup_stm32f407xx.o(.text)
    I2C3_EV_IRQHandler                       0x08000243   Thumb Code     0  startup_stm32f407xx.o(.text)
    OTG_FS_IRQHandler                        0x08000243   Thumb Code     0  startup_stm32f407xx.o(.text)
    OTG_FS_WKUP_IRQHandler                   0x08000243   Thumb Code     0  startup_stm32f407xx.o(.text)
    OTG_HS_EP1_IN_IRQHandler                 0x08000243   Thumb Code     0  startup_stm32f407xx.o(.text)
    OTG_HS_EP1_OUT_IRQHandler                0x08000243   Thumb Code     0  startup_stm32f407xx.o(.text)
    OTG_HS_IRQHandler                        0x08000243   Thumb Code     0  startup_stm32f407xx.o(.text)
    OTG_HS_WKUP_IRQHandler                   0x08000243   Thumb Code     0  startup_stm32f407xx.o(.text)
    PVD_IRQHandler                           0x08000243   Thumb Code     0  startup_stm32f407xx.o(.text)
    RCC_IRQHandler                           0x08000243   Thumb Code     0  startup_stm32f407xx.o(.text)
    RTC_Alarm_IRQHandler                     0x08000243   Thumb Code     0  startup_stm32f407xx.o(.text)
    RTC_WKUP_IRQHandler                      0x08000243   Thumb Code     0  startup_stm32f407xx.o(.text)
    SDIO_IRQHandler                          0x08000243   Thumb Code     0  startup_stm32f407xx.o(.text)
    SPI1_IRQHandler                          0x08000243   Thumb Code     0  startup_stm32f407xx.o(.text)
    SPI2_IRQHandler                          0x08000243   Thumb Code     0  startup_stm32f407xx.o(.text)
    SPI3_IRQHandler                          0x08000243   Thumb Code     0  startup_stm32f407xx.o(.text)
    TAMP_STAMP_IRQHandler                    0x08000243   Thumb Code     0  startup_stm32f407xx.o(.text)
    TIM1_BRK_TIM9_IRQHandler                 0x08000243   Thumb Code     0  startup_stm32f407xx.o(.text)
    TIM1_CC_IRQHandler                       0x08000243   Thumb Code     0  startup_stm32f407xx.o(.text)
    TIM1_TRG_COM_TIM11_IRQHandler            0x08000243   Thumb Code     0  startup_stm32f407xx.o(.text)
    TIM1_UP_TIM10_IRQHandler                 0x08000243   Thumb Code     0  startup_stm32f407xx.o(.text)
    TIM2_IRQHandler                          0x08000243   Thumb Code     0  startup_stm32f407xx.o(.text)
    TIM3_IRQHandler                          0x08000243   Thumb Code     0  startup_stm32f407xx.o(.text)
    TIM5_IRQHandler                          0x08000243   Thumb Code     0  startup_stm32f407xx.o(.text)
    TIM6_DAC_IRQHandler                      0x08000243   Thumb Code     0  startup_stm32f407xx.o(.text)
    TIM7_IRQHandler                          0x08000243   Thumb Code     0  startup_stm32f407xx.o(.text)
    TIM8_BRK_TIM12_IRQHandler                0x08000243   Thumb Code     0  startup_stm32f407xx.o(.text)
    TIM8_CC_IRQHandler                       0x08000243   Thumb Code     0  startup_stm32f407xx.o(.text)
    TIM8_TRG_COM_TIM14_IRQHandler            0x08000243   Thumb Code     0  startup_stm32f407xx.o(.text)
    TIM8_UP_TIM13_IRQHandler                 0x08000243   Thumb Code     0  startup_stm32f407xx.o(.text)
    UART4_IRQHandler                         0x08000243   Thumb Code     0  startup_stm32f407xx.o(.text)
    UART5_IRQHandler                         0x08000243   Thumb Code     0  startup_stm32f407xx.o(.text)
    USART6_IRQHandler                        0x08000243   Thumb Code     0  startup_stm32f407xx.o(.text)
    WWDG_IRQHandler                          0x08000243   Thumb Code     0  startup_stm32f407xx.o(.text)
    __user_initial_stackheap                 0x08000245   Thumb Code     0  startup_stm32f407xx.o(.text)
    __aeabi_uldivmod                         0x08000269   Thumb Code     0  lludivv7m.o(.text)
    _ll_udiv                                 0x08000269   Thumb Code   238  lludivv7m.o(.text)
    strlen                                   0x08000357   Thumb Code    62  strlen.o(.text)
    strncmp                                  0x08000395   Thumb Code   150  strncmp.o(.text)
    __aeabi_memcpy                           0x0800042b   Thumb Code     0  rt_memcpy_v6.o(.text)
    __rt_memcpy                              0x0800042b   Thumb Code   138  rt_memcpy_v6.o(.text)
    _memcpy_lastbytes                        0x08000491   Thumb Code     0  rt_memcpy_v6.o(.text)
    __aeabi_memclr4                          0x080004b5   Thumb Code     0  rt_memclr_w.o(.text)
    __aeabi_memclr8                          0x080004b5   Thumb Code     0  rt_memclr_w.o(.text)
    __rt_memclr_w                            0x080004b5   Thumb Code    78  rt_memclr_w.o(.text)
    _memset_w                                0x080004b9   Thumb Code     0  rt_memclr_w.o(.text)
    strcmp                                   0x08000505   Thumb Code   128  strcmpv7m.o(.text)
    __use_two_region_memory                  0x08000585   Thumb Code     2  heapauxi.o(.text)
    __rt_heap_escrow$2region                 0x08000587   Thumb Code     2  heapauxi.o(.text)
    __rt_heap_expand$2region                 0x08000589   Thumb Code     2  heapauxi.o(.text)
    __read_errno                             0x0800058b   Thumb Code    10  _rserrno.o(.text)
    __set_errno                              0x08000595   Thumb Code    12  _rserrno.o(.text)
    __aeabi_memcpy4                          0x080005a1   Thumb Code     0  rt_memcpy_w.o(.text)
    __aeabi_memcpy8                          0x080005a1   Thumb Code     0  rt_memcpy_w.o(.text)
    __rt_memcpy_w                            0x080005a1   Thumb Code   100  rt_memcpy_w.o(.text)
    _memcpy_lastbytes_aligned                0x080005e9   Thumb Code     0  rt_memcpy_w.o(.text)
    __aeabi_errno_addr                       0x08000605   Thumb Code     8  rt_errno_addr_intlibspace.o(.text)
    __errno$intlibspace                      0x08000605   Thumb Code     0  rt_errno_addr_intlibspace.o(.text)
    __rt_errno_addr$intlibspace              0x08000605   Thumb Code     0  rt_errno_addr_intlibspace.o(.text)
    __user_libspace                          0x0800060d   Thumb Code     8  libspace.o(.text)
    __user_perproc_libspace                  0x0800060d   Thumb Code     0  libspace.o(.text)
    __user_perthread_libspace                0x0800060d   Thumb Code     0  libspace.o(.text)
    __user_setup_stackheap                   0x08000615   Thumb Code    74  sys_stackheap_outer.o(.text)
    exit                                     0x0800065f   Thumb Code    18  exit.o(.text)
    _sys_exit                                0x08000671   Thumb Code     8  sys_exit.o(.text)
    __I$use$semihosting                      0x0800067d   Thumb Code     0  use_no_semi.o(.text)
    __use_no_semihosting_swi                 0x0800067d   Thumb Code     2  use_no_semi.o(.text)
    __semihosting_library_function           0x0800067f   Thumb Code     0  indicate_semi.o(.text)
    Angle_Velocity                           0x08000681   Thumb Code    98  balane.o(i.Angle_Velocity)
    BusFault_Handler                         0x080006fd   Thumb Code     2  stm32f4xx_it.o(i.BusFault_Handler)
    DebugMon_Handler                         0x080006ff   Thumb Code     2  stm32f4xx_it.o(i.DebugMon_Handler)
    Error_Handler                            0x08000701   Thumb Code    12  main.o(i.Error_Handler)
    HAL_DMA_Abort                            0x08000711   Thumb Code   146  stm32f4xx_hal_dma.o(i.HAL_DMA_Abort)
    HAL_DMA_Abort_IT                         0x080007a3   Thumb Code    36  stm32f4xx_hal_dma.o(i.HAL_DMA_Abort_IT)
    HAL_Delay                                0x080007c9   Thumb Code    32  stm32f4xx_hal.o(i.HAL_Delay)
    HAL_GPIO_Init                            0x080007ed   Thumb Code   450  stm32f4xx_hal_gpio.o(i.HAL_GPIO_Init)
    HAL_GPIO_ReadPin                         0x080009dd   Thumb Code    10  stm32f4xx_hal_gpio.o(i.HAL_GPIO_ReadPin)
    HAL_GPIO_WritePin                        0x080009e7   Thumb Code    10  stm32f4xx_hal_gpio.o(i.HAL_GPIO_WritePin)
    HAL_GetTick                              0x080009f1   Thumb Code     6  stm32f4xx_hal.o(i.HAL_GetTick)
    HAL_IncTick                              0x080009fd   Thumb Code    12  stm32f4xx_hal.o(i.HAL_IncTick)
    HAL_Init                                 0x08000a0d   Thumb Code    48  stm32f4xx_hal.o(i.HAL_Init)
    HAL_InitTick                             0x08000a41   Thumb Code    54  stm32f4xx_hal.o(i.HAL_InitTick)
    HAL_MspInit                              0x08000a81   Thumb Code    42  stm32f4xx_hal_msp.o(i.HAL_MspInit)
    HAL_NVIC_EnableIRQ                       0x08000ab1   Thumb Code    26  stm32f4xx_hal_cortex.o(i.HAL_NVIC_EnableIRQ)
    HAL_NVIC_SetPriority                     0x08000acd   Thumb Code    60  stm32f4xx_hal_cortex.o(i.HAL_NVIC_SetPriority)
    HAL_NVIC_SetPriorityGrouping             0x08000b0d   Thumb Code    26  stm32f4xx_hal_cortex.o(i.HAL_NVIC_SetPriorityGrouping)
    HAL_RCC_ClockConfig                      0x08000b31   Thumb Code   288  stm32f4xx_hal_rcc.o(i.HAL_RCC_ClockConfig)
    HAL_RCC_GetPCLK1Freq                     0x08000c65   Thumb Code    20  stm32f4xx_hal_rcc.o(i.HAL_RCC_GetPCLK1Freq)
    HAL_RCC_GetPCLK2Freq                     0x08000c85   Thumb Code    20  stm32f4xx_hal_rcc.o(i.HAL_RCC_GetPCLK2Freq)
    HAL_RCC_GetSysClockFreq                  0x08000ca5   Thumb Code    88  stm32f4xx_hal_rcc.o(i.HAL_RCC_GetSysClockFreq)
    HAL_RCC_OscConfig                        0x08000d09   Thumb Code   856  stm32f4xx_hal_rcc.o(i.HAL_RCC_OscConfig)
    HAL_SYSTICK_Config                       0x08001075   Thumb Code    40  stm32f4xx_hal_cortex.o(i.HAL_SYSTICK_Config)
    HAL_TIMEx_BreakCallback                  0x0800109d   Thumb Code     2  stm32f4xx_hal_tim_ex.o(i.HAL_TIMEx_BreakCallback)
    HAL_TIMEx_CommutCallback                 0x0800109f   Thumb Code     2  stm32f4xx_hal_tim_ex.o(i.HAL_TIMEx_CommutCallback)
    HAL_TIMEx_MasterConfigSynchronization    0x080010a1   Thumb Code   116  stm32f4xx_hal_tim_ex.o(i.HAL_TIMEx_MasterConfigSynchronization)
    HAL_TIM_Base_Init                        0x08001131   Thumb Code    90  stm32f4xx_hal_tim.o(i.HAL_TIM_Base_Init)
    HAL_TIM_Base_MspInit                     0x0800118d   Thumb Code    72  tim.o(i.HAL_TIM_Base_MspInit)
    HAL_TIM_Base_Start_IT                    0x080011e1   Thumb Code   100  stm32f4xx_hal_tim.o(i.HAL_TIM_Base_Start_IT)
    HAL_TIM_ConfigClockSource                0x08001261   Thumb Code   220  stm32f4xx_hal_tim.o(i.HAL_TIM_ConfigClockSource)
    HAL_TIM_IC_CaptureCallback               0x0800133d   Thumb Code     2  stm32f4xx_hal_tim.o(i.HAL_TIM_IC_CaptureCallback)
    HAL_TIM_IRQHandler                       0x0800133f   Thumb Code   358  stm32f4xx_hal_tim.o(i.HAL_TIM_IRQHandler)
    HAL_TIM_MspPostInit                      0x080014a5   Thumb Code    68  tim.o(i.HAL_TIM_MspPostInit)
    HAL_TIM_OC_DelayElapsedCallback          0x080014f9   Thumb Code     2  stm32f4xx_hal_tim.o(i.HAL_TIM_OC_DelayElapsedCallback)
    HAL_TIM_PWM_ConfigChannel                0x080014fb   Thumb Code   204  stm32f4xx_hal_tim.o(i.HAL_TIM_PWM_ConfigChannel)
    HAL_TIM_PWM_Init                         0x080015c7   Thumb Code    90  stm32f4xx_hal_tim.o(i.HAL_TIM_PWM_Init)
    HAL_TIM_PWM_MspInit                      0x08001621   Thumb Code    54  tim.o(i.HAL_TIM_PWM_MspInit)
    HAL_TIM_PWM_PulseFinishedCallback        0x08001661   Thumb Code     2  stm32f4xx_hal_tim.o(i.HAL_TIM_PWM_PulseFinishedCallback)
    HAL_TIM_PWM_Start                        0x08001665   Thumb Code   172  stm32f4xx_hal_tim.o(i.HAL_TIM_PWM_Start)
    HAL_TIM_PeriodElapsedCallback            0x0800172d   Thumb Code    94  tim.o(i.HAL_TIM_PeriodElapsedCallback)
    HAL_TIM_TriggerCallback                  0x08001799   Thumb Code     2  stm32f4xx_hal_tim.o(i.HAL_TIM_TriggerCallback)
    HAL_UARTEx_RxEventCallback               0x0800179b   Thumb Code     2  stm32f4xx_hal_uart.o(i.HAL_UARTEx_RxEventCallback)
    HAL_UART_ErrorCallback                   0x0800179d   Thumb Code     2  stm32f4xx_hal_uart.o(i.HAL_UART_ErrorCallback)
    HAL_UART_IRQHandler                      0x080017a1   Thumb Code   610  stm32f4xx_hal_uart.o(i.HAL_UART_IRQHandler)
    HAL_UART_Init                            0x08001a09   Thumb Code    98  stm32f4xx_hal_uart.o(i.HAL_UART_Init)
    HAL_UART_MspInit                         0x08001a6d   Thumb Code   184  usart.o(i.HAL_UART_MspInit)
    HAL_UART_Receive_IT                      0x08001b39   Thumb Code    42  stm32f4xx_hal_uart.o(i.HAL_UART_Receive_IT)
    HAL_UART_RxCpltCallback                  0x08001b65   Thumb Code   398  usart.o(i.HAL_UART_RxCpltCallback)
    HAL_UART_Transmit                        0x08001d31   Thumb Code   178  stm32f4xx_hal_uart.o(i.HAL_UART_Transmit)
    HAL_UART_TxCpltCallback                  0x08001de3   Thumb Code     2  stm32f4xx_hal_uart.o(i.HAL_UART_TxCpltCallback)
    HardFault_Handler                        0x08001de5   Thumb Code     2  stm32f4xx_it.o(i.HardFault_Handler)
    LL_GPIO_Init                             0x08001e19   Thumb Code   310  stm32f4xx_ll_gpio.o(i.LL_GPIO_Init)
    LL_RCC_GetSystemClocksFreq               0x08001f4f   Thumb Code    32  stm32f4xx_ll_rcc.o(i.LL_RCC_GetSystemClocksFreq)
    LL_USART_Init                            0x08001f71   Thumb Code   136  stm32f4xx_ll_usart.o(i.LL_USART_Init)
    MX_GPIO_Init                             0x080020c1   Thumb Code   178  gpio.o(i.MX_GPIO_Init)
    MX_TIM13_Init                            0x08002181   Thumb Code   118  tim.o(i.MX_TIM13_Init)
    MX_TIM4_Init                             0x08002201   Thumb Code    98  tim.o(i.MX_TIM4_Init)
    MX_USART1_UART_Init                      0x0800226d   Thumb Code    58  usart.o(i.MX_USART1_UART_Init)
    MX_USART2_UART_Init                      0x080022b5   Thumb Code    48  usart.o(i.MX_USART2_UART_Init)
    MX_USART3_UART_Init                      0x080022ed   Thumb Code   154  usart.o(i.MX_USART3_UART_Init)
    MemManage_Handler                        0x08002395   Thumb Code     2  stm32f4xx_it.o(i.MemManage_Handler)
    NMI_Handler                              0x08002397   Thumb Code     2  stm32f4xx_it.o(i.NMI_Handler)
    PWM_SetDuty                              0x080023cd   Thumb Code    30  tim.o(i.PWM_SetDuty)
    PendSV_Handler                           0x080023f1   Thumb Code     2  stm32f4xx_it.o(i.PendSV_Handler)
    RCC_GetHCLKClockFreq                     0x080023f5   Thumb Code    18  stm32f4xx_ll_rcc.o(i.RCC_GetHCLKClockFreq)
    RCC_GetPCLK1ClockFreq                    0x08002411   Thumb Code    20  stm32f4xx_ll_rcc.o(i.RCC_GetPCLK1ClockFreq)
    RCC_GetPCLK2ClockFreq                    0x0800242d   Thumb Code    20  stm32f4xx_ll_rcc.o(i.RCC_GetPCLK2ClockFreq)
    RCC_GetSystemClockFreq                   0x08002449   Thumb Code    30  stm32f4xx_ll_rcc.o(i.RCC_GetSystemClockFreq)
    RCC_PLL_GetFreqDomain_SYS                0x08002475   Thumb Code    68  stm32f4xx_ll_rcc.o(i.RCC_PLL_GetFreqDomain_SYS)
    SVC_Handler                              0x080024c5   Thumb Code     2  stm32f4xx_it.o(i.SVC_Handler)
    Steer_Engine_control                     0x080024c9   Thumb Code   102  servo.o(i.Steer_Engine_control)
    SysTick_Handler                          0x08002549   Thumb Code     4  stm32f4xx_it.o(i.SysTick_Handler)
    SystemClock_Config                       0x0800254d   Thumb Code   134  main.o(i.SystemClock_Config)
    SystemInit                               0x080025dd   Thumb Code    12  system_stm32f4xx.o(i.SystemInit)
    TIM4_IRQHandler                          0x080025ed   Thumb Code     6  tim.o(i.TIM4_IRQHandler)
    TIM_Base_SetConfig                       0x080025f9   Thumb Code   156  stm32f4xx_hal_tim.o(i.TIM_Base_SetConfig)
    TIM_CCxChannelCmd                        0x080026c1   Thumb Code    26  stm32f4xx_hal_tim.o(i.TIM_CCxChannelCmd)
    TIM_ETR_SetConfig                        0x080026db   Thumb Code    20  stm32f4xx_hal_tim.o(i.TIM_ETR_SetConfig)
    TIM_OC2_SetConfig                        0x08002761   Thumb Code    98  stm32f4xx_hal_tim.o(i.TIM_OC2_SetConfig)
    UART_Start_Receive_IT                    0x08002af5   Thumb Code    58  stm32f4xx_hal_uart.o(i.UART_Start_Receive_IT)
    USART1_IRQHandler                        0x08002ba9   Thumb Code    24  usart.o(i.USART1_IRQHandler)
    USART2_IRQHandler                        0x08002bc9   Thumb Code     6  usart.o(i.USART2_IRQHandler)
    USART3_IRQHandler                        0x08002bd5   Thumb Code    50  imu.o(i.USART3_IRQHandler)
    UsageFault_Handler                       0x08002c11   Thumb Code     2  stm32f4xx_it.o(i.UsageFault_Handler)
    Velocity_Control                         0x08002c15   Thumb Code    98  balane.o(i.Velocity_Control)
    X_balance_Control                        0x08002c95   Thumb Code   110  balane.o(i.X_balance_Control)
    __ARM_fpclassify                         0x08002d19   Thumb Code    48  fpclassify.o(i.__ARM_fpclassify)
    __hardfp_pow                             0x08002da9   Thumb Code  3072  pow.o(i.__hardfp_pow)
    __kernel_poly                            0x080039f9   Thumb Code   248  poly.o(i.__kernel_poly)
    __mathlib_dbl_divzero                    0x08003af1   Thumb Code    28  dunder.o(i.__mathlib_dbl_divzero)
    __mathlib_dbl_infnan2                    0x08003b21   Thumb Code    20  dunder.o(i.__mathlib_dbl_infnan2)
    __mathlib_dbl_invalid                    0x08003b39   Thumb Code    24  dunder.o(i.__mathlib_dbl_invalid)
    __mathlib_dbl_overflow                   0x08003b59   Thumb Code    24  dunder.o(i.__mathlib_dbl_overflow)
    __mathlib_dbl_underflow                  0x08003b79   Thumb Code    24  dunder.o(i.__mathlib_dbl_underflow)
    balance                                  0x08003b99   Thumb Code   258  balane.o(i.balance)
    fabs                                     0x08003ce3   Thumb Code    24  fabs.o(i.fabs)
    gpio_get_level                           0x08003cfd   Thumb Code    28  zf_device_key.o(i.gpio_get_level)
    imu_data_decode_init                     0x08003d21   Thumb Code    14  imu_data_decode.o(i.imu_data_decode_init)
    imu_init                                 0x08003d39   Thumb Code     4  imu.o(i.imu_init)
    imu_task                                 0x08003d3d   Thumb Code    30  imu.o(i.imu_task)
    key_clear_all_state                      0x08003d65   Thumb Code    10  zf_device_key.o(i.key_clear_all_state)
    key_get_state                            0x08003d75   Thumb Code     6  zf_device_key.o(i.key_get_state)
    key_init                                 0x08003d81   Thumb Code    22  zf_device_key.o(i.key_init)
    key_scanner                              0x08003d9d   Thumb Code   108  zf_device_key.o(i.key_scanner)
    low_pass_filter                          0x08003e0d   Thumb Code    42  imu.o(i.low_pass_filter)
    main                                     0x08003e3d   Thumb Code   200  main.o(i.main)
    odrive_analyze_speed                     0x08003f21   Thumb Code   294  odrive.o(i.odrive_analyze_speed)
    odrive_feedback                          0x08004071   Thumb Code    26  odrive.o(i.odrive_feedback)
    odrive_speed_ctl                         0x08004099   Thumb Code   308  odrive.o(i.odrive_speed_ctl)
    packet_decode                            0x08004415   Thumb Code   192  packet.o(i.packet_decode)
    packet_decode_init                       0x080044d9   Thumb Code    20  packet.o(i.packet_decode_init)
    param_init                               0x080044f1   Thumb Code   104  balane.o(i.param_init)
    servo_init                               0x08004579   Thumb Code    20  servo.o(i.servo_init)
    servo_set_duty                           0x08004591   Thumb Code    46  servo.o(i.servo_set_duty)
    set_pwm_duty                             0x080045c5   Thumb Code    52  tim.o(i.set_pwm_duty)
    sqrt                                     0x08004601   Thumb Code   110  sqrt.o(i.sqrt)
    __aeabi_dneg                             0x08004685   Thumb Code     0  basic.o(x$fpl$basic)
    _dneg                                    0x08004685   Thumb Code     6  basic.o(x$fpl$basic)
    __aeabi_fneg                             0x0800468b   Thumb Code     0  basic.o(x$fpl$basic)
    _fneg                                    0x0800468b   Thumb Code     6  basic.o(x$fpl$basic)
    _dabs                                    0x08004691   Thumb Code     6  basic.o(x$fpl$basic)
    _fabs                                    0x08004697   Thumb Code     6  basic.o(x$fpl$basic)
    __aeabi_d2f                              0x0800469d   Thumb Code     0  d2f.o(x$fpl$d2f)
    _d2f                                     0x0800469d   Thumb Code    98  d2f.o(x$fpl$d2f)
    __aeabi_dadd                             0x08004701   Thumb Code     0  daddsub_clz.o(x$fpl$dadd)
    _dadd                                    0x08004701   Thumb Code   332  daddsub_clz.o(x$fpl$dadd)
    __fpl_dcheck_NaN1                        0x08004851   Thumb Code    10  dcheck1.o(x$fpl$dcheck1)
    __fpl_dcmp_Inf                           0x08004861   Thumb Code    24  dcmpi.o(x$fpl$dcmpinf)
    __aeabi_ddiv                             0x08004879   Thumb Code     0  ddiv.o(x$fpl$ddiv)
    _ddiv                                    0x08004879   Thumb Code   552  ddiv.o(x$fpl$ddiv)
    __aeabi_i2d                              0x08004b29   Thumb Code     0  dflt_clz.o(x$fpl$dflt)
    _dflt                                    0x08004b29   Thumb Code    46  dflt_clz.o(x$fpl$dflt)
    __aeabi_cdcmple                          0x08004b59   Thumb Code     0  dleqf.o(x$fpl$dleqf)
    _dcmple                                  0x08004b59   Thumb Code   120  dleqf.o(x$fpl$dleqf)
    __fpl_dcmple_InfNaN                      0x08004bbb   Thumb Code     0  dleqf.o(x$fpl$dleqf)
    __aeabi_dmul                             0x08004bd1   Thumb Code     0  dmul.o(x$fpl$dmul)
    _dmul                                    0x08004bd1   Thumb Code   332  dmul.o(x$fpl$dmul)
    __fpl_dnaninf                            0x08004d25   Thumb Code   156  dnaninf.o(x$fpl$dnaninf)
    __fpl_dretinf                            0x08004dc1   Thumb Code    12  dretinf.o(x$fpl$dretinf)
    __aeabi_cdrcmple                         0x08004dcd   Thumb Code     0  drleqf.o(x$fpl$drleqf)
    _drcmple                                 0x08004dcd   Thumb Code   108  drleqf.o(x$fpl$drleqf)
    __aeabi_drsub                            0x08004e39   Thumb Code     0  daddsub_clz.o(x$fpl$drsb)
    _drsb                                    0x08004e39   Thumb Code    22  daddsub_clz.o(x$fpl$drsb)
    _dsqrt                                   0x08004e51   Thumb Code   404  dsqrt_umaal.o(x$fpl$dsqrt)
    __aeabi_dsub                             0x08004fe9   Thumb Code     0  daddsub_clz.o(x$fpl$dsub)
    _dsub                                    0x08004fe9   Thumb Code   464  daddsub_clz.o(x$fpl$dsub)
    __aeabi_f2d                              0x080051bd   Thumb Code     0  f2d.o(x$fpl$f2d)
    _f2d                                     0x080051bd   Thumb Code    86  f2d.o(x$fpl$f2d)
    __fpl_fnaninf                            0x08005213   Thumb Code   140  fnaninf.o(x$fpl$fnaninf)
    _fp_init                                 0x0800529f   Thumb Code    10  fpinit.o(x$fpl$fpinit)
    __fplib_config_fpu_vfp                   0x080052a7   Thumb Code     0  fpinit.o(x$fpl$fpinit)
    __fplib_config_pureend_doubles           0x080052a7   Thumb Code     0  fpinit.o(x$fpl$fpinit)
    __fpl_fretinf                            0x080052a9   Thumb Code    10  fretinf.o(x$fpl$fretinf)
    __fpl_return_NaN                         0x080052b3   Thumb Code   100  retnan.o(x$fpl$retnan)
    __ARM_scalbn                             0x08005317   Thumb Code    92  scalbn.o(x$fpl$scalbn)
    __fpl_cmpreturn                          0x08005373   Thumb Code    48  trapv.o(x$fpl$trapveneer)
    AHBPrescTable                            0x080053a2   Data          16  system_stm32f4xx.o(.constdata)
    __I$use$fp                               0x080053a2   Number         0  usenofp.o(x$fpl$usenofp)
    APBPrescTable                            0x080053b2   Data           8  system_stm32f4xx.o(.constdata)
    __mathlib_zero                           0x08005448   Data           8  qnan.o(.constdata)
    Region$$Table$$Base                      0x08005450   Number         0  anon$$obj.o(Region$$Table)
    Region$$Table$$Limit                     0x08005470   Number         0  anon$$obj.o(Region$$Table)
    c22                                      0x20000000   Data           4  main.o(.data)
    turn_tm                                  0x20000004   Data           4  main.o(.data)
    err                                      0x20000008   Data           4  main.o(.data)
    TX_str1                                  0x2000000c   Data          16  main.o(.data)
    cnt_show                                 0x2000001c   Data           4  tim.o(.data)
    cnt22                                    0x20000020   Data           4  tim.o(.data)
    RX_dat                                   0x20000024   Data           1  usart.o(.data)
    aRxBuffer1                               0x20000025   Data           1  usart.o(.data)
    USART_RX_STA                             0x20000026   Data           2  usart.o(.data)
    sidewalk_flag                            0x20000028   Data           4  usart.o(.data)
    turn_flag                                0x2000002c   Data           4  usart.o(.data)
    TX_str2                                  0x20000030   Data          14  usart.o(.data)
    TX_str3                                  0x2000003e   Data          13  usart.o(.data)
    rxbuf                                    0x2000004c   Data           1  imu.o(.data)
    cct                                      0x20000050   Data           4  imu.o(.data)
    fc                                       0x20000054   Data           4  imu.o(.data)
    Ts                                       0x20000058   Data           4  imu.o(.data)
    pi                                       0x2000005c   Data           4  imu.o(.data)
    alpha                                    0x20000060   Data           4  imu.o(.data)
    bitmap                                   0x2000006c   Data           1  imu_data_decode.o(.data)
    frame_count                              0x2000007c   Data           4  packet.o(.data)
    RunFlag                                  0x20000088   Data           1  balane.o(.data)
    count                                    0x2000008c   Data           4  balane.o(.data)
    Steer_Target                             0x20000090   Data           4  balane.o(.data)
    Steer_Target_Last                        0x20000094   Data           4  balane.o(.data)
    sidewalk_time                            0x20000098   Data           4  balane.o(.data)
    Error                                    0x2000009c   Data           4  balane.o(.data)
    PWM_X                                    0x200000b4   Data           4  balane.o(.data)
    PWM_accel                                0x200000b8   Data           4  balane.o(.data)
    PWM_Final                                0x200000bc   Data           4  balane.o(.data)
    cnt                                      0x200000c0   Data           4  balane.o(.data)
    cnt1                                     0x200000c4   Data           4  balane.o(.data)
    vx                                       0x200000c8   Data           4  balane.o(.data)
    vtt                                      0x200000cc   Data           4  odrive.o(.data)
    sz                                       0x200000d0   Data           4  servo.o(.data)
    caramera                                 0x200000e0   Data           4  servo.o(.data)
    uwTickFreq                               0x200000f4   Data           1  stm32f4xx_hal.o(.data)
    uwTickPrio                               0x200000f8   Data           4  stm32f4xx_hal.o(.data)
    uwTick                                   0x200000fc   Data           4  stm32f4xx_hal.o(.data)
    SystemCoreClock                          0x20000100   Data           4  system_stm32f4xx.o(.data)
    htim4                                    0x20000104   Data          72  tim.o(.bss)
    htim13                                   0x2000014c   Data          72  tim.o(.bss)
    huart1                                   0x20000194   Data          68  usart.o(.bss)
    huart2                                   0x200001d8   Data          68  usart.o(.bss)
    USART_RX_BUF1                            0x2000021c   Data         200  usart.o(.bss)
    imu                                      0x200002e4   Data          36  imu.o(.bss)
    id0x91                                   0x20000b14   Data          76  imu_data_decode.o(.bss)
    id0x62                                   0x20000b60   Data        1219  imu_data_decode.o(.bss)
    param                                    0x20001024   Data          88  balane.o(.bss)
    DataToSend                               0x2000107c   Data         100  balane.o(.bss)
    odrive                                   0x200010e0   Data          48  odrive.o(.bss)
    __libspace_start                         0x20001110   Data          96  libspace.o(.bss)
    __temporary_stack_top$libspace           0x20001170   Data           0  libspace.o(.bss)



==============================================================================

Memory Map of the image

  Image Entry point : 0x08000189

  Load Region LR_IROM1 (Base: 0x08000000, Size: 0x00005574, Max: 0x00100000, ABSOLUTE)

    Execution Region ER_IROM1 (Exec base: 0x08000000, Load base: 0x08000000, Size: 0x00005470, Max: 0x00100000, ABSOLUTE)

    Exec Addr    Load Addr    Size         Type   Attr      Idx    E Section Name        Object

    0x08000000   0x08000000   0x00000188   Data   RO            3    RESET               startup_stm32f407xx.o
    0x08000188   0x08000188   0x00000008   Code   RO         3866  * !!!main             c_w.l(__main.o)
    0x08000190   0x08000190   0x00000034   Code   RO         4142    !!!scatter          c_w.l(__scatter.o)
    0x080001c4   0x080001c4   0x0000001a   Code   RO         4144    !!handler_copy      c_w.l(__scatter_copy.o)
    0x080001de   0x080001de   0x00000002   PAD
    0x080001e0   0x080001e0   0x0000001c   Code   RO         4146    !!handler_zi        c_w.l(__scatter_zi.o)
    0x080001fc   0x080001fc   0x00000002   Code   RO         4009    .ARM.Collect$$libinit$$00000000  c_w.l(libinit.o)
    0x080001fe   0x080001fe   0x00000004   Code   RO         4022    .ARM.Collect$$libinit$$00000001  c_w.l(libinit2.o)
    0x08000202   0x08000202   0x00000000   Code   RO         4025    .ARM.Collect$$libinit$$00000004  c_w.l(libinit2.o)
    0x08000202   0x08000202   0x00000000   Code   RO         4028    .ARM.Collect$$libinit$$0000000A  c_w.l(libinit2.o)
    0x08000202   0x08000202   0x00000000   Code   RO         4030    .ARM.Collect$$libinit$$0000000C  c_w.l(libinit2.o)
    0x08000202   0x08000202   0x00000000   Code   RO         4032    .ARM.Collect$$libinit$$0000000E  c_w.l(libinit2.o)
    0x08000202   0x08000202   0x00000000   Code   RO         4035    .ARM.Collect$$libinit$$00000011  c_w.l(libinit2.o)
    0x08000202   0x08000202   0x00000000   Code   RO         4037    .ARM.Collect$$libinit$$00000013  c_w.l(libinit2.o)
    0x08000202   0x08000202   0x00000000   Code   RO         4039    .ARM.Collect$$libinit$$00000015  c_w.l(libinit2.o)
    0x08000202   0x08000202   0x00000000   Code   RO         4041    .ARM.Collect$$libinit$$00000017  c_w.l(libinit2.o)
    0x08000202   0x08000202   0x00000000   Code   RO         4043    .ARM.Collect$$libinit$$00000019  c_w.l(libinit2.o)
    0x08000202   0x08000202   0x00000000   Code   RO         4045    .ARM.Collect$$libinit$$0000001B  c_w.l(libinit2.o)
    0x08000202   0x08000202   0x00000000   Code   RO         4047    .ARM.Collect$$libinit$$0000001D  c_w.l(libinit2.o)
    0x08000202   0x08000202   0x00000000   Code   RO         4049    .ARM.Collect$$libinit$$0000001F  c_w.l(libinit2.o)
    0x08000202   0x08000202   0x00000000   Code   RO         4051    .ARM.Collect$$libinit$$00000021  c_w.l(libinit2.o)
    0x08000202   0x08000202   0x00000000   Code   RO         4053    .ARM.Collect$$libinit$$00000023  c_w.l(libinit2.o)
    0x08000202   0x08000202   0x00000000   Code   RO         4055    .ARM.Collect$$libinit$$00000025  c_w.l(libinit2.o)
    0x08000202   0x08000202   0x00000000   Code   RO         4059    .ARM.Collect$$libinit$$0000002C  c_w.l(libinit2.o)
    0x08000202   0x08000202   0x00000000   Code   RO         4061    .ARM.Collect$$libinit$$0000002E  c_w.l(libinit2.o)
    0x08000202   0x08000202   0x00000000   Code   RO         4063    .ARM.Collect$$libinit$$00000030  c_w.l(libinit2.o)
    0x08000202   0x08000202   0x00000000   Code   RO         4065    .ARM.Collect$$libinit$$00000032  c_w.l(libinit2.o)
    0x08000202   0x08000202   0x00000002   Code   RO         4066    .ARM.Collect$$libinit$$00000033  c_w.l(libinit2.o)
    0x08000204   0x08000204   0x00000002   Code   RO         4099    .ARM.Collect$$libshutdown$$00000000  c_w.l(libshutdown.o)
    0x08000206   0x08000206   0x00000000   Code   RO         4125    .ARM.Collect$$libshutdown$$00000002  c_w.l(libshutdown2.o)
    0x08000206   0x08000206   0x00000000   Code   RO         4127    .ARM.Collect$$libshutdown$$00000004  c_w.l(libshutdown2.o)
    0x08000206   0x08000206   0x00000000   Code   RO         4130    .ARM.Collect$$libshutdown$$00000007  c_w.l(libshutdown2.o)
    0x08000206   0x08000206   0x00000000   Code   RO         4133    .ARM.Collect$$libshutdown$$0000000A  c_w.l(libshutdown2.o)
    0x08000206   0x08000206   0x00000000   Code   RO         4135    .ARM.Collect$$libshutdown$$0000000C  c_w.l(libshutdown2.o)
    0x08000206   0x08000206   0x00000000   Code   RO         4138    .ARM.Collect$$libshutdown$$0000000F  c_w.l(libshutdown2.o)
    0x08000206   0x08000206   0x00000002   Code   RO         4139    .ARM.Collect$$libshutdown$$00000010  c_w.l(libshutdown2.o)
    0x08000208   0x08000208   0x00000000   Code   RO         3900    .ARM.Collect$$rtentry$$00000000  c_w.l(__rtentry.o)
    0x08000208   0x08000208   0x00000000   Code   RO         3966    .ARM.Collect$$rtentry$$00000002  c_w.l(__rtentry2.o)
    0x08000208   0x08000208   0x00000006   Code   RO         3978    .ARM.Collect$$rtentry$$00000004  c_w.l(__rtentry4.o)
    0x0800020e   0x0800020e   0x00000000   Code   RO         3968    .ARM.Collect$$rtentry$$00000009  c_w.l(__rtentry2.o)
    0x0800020e   0x0800020e   0x00000004   Code   RO         3969    .ARM.Collect$$rtentry$$0000000A  c_w.l(__rtentry2.o)
    0x08000212   0x08000212   0x00000000   Code   RO         3971    .ARM.Collect$$rtentry$$0000000C  c_w.l(__rtentry2.o)
    0x08000212   0x08000212   0x00000008   Code   RO         3972    .ARM.Collect$$rtentry$$0000000D  c_w.l(__rtentry2.o)
    0x0800021a   0x0800021a   0x00000002   Code   RO         4014    .ARM.Collect$$rtexit$$00000000  c_w.l(rtexit.o)
    0x0800021c   0x0800021c   0x00000000   Code   RO         4072    .ARM.Collect$$rtexit$$00000002  c_w.l(rtexit2.o)
    0x0800021c   0x0800021c   0x00000004   Code   RO         4073    .ARM.Collect$$rtexit$$00000003  c_w.l(rtexit2.o)
    0x08000220   0x08000220   0x00000006   Code   RO         4074    .ARM.Collect$$rtexit$$00000004  c_w.l(rtexit2.o)
    0x08000226   0x08000226   0x00000002   PAD
    0x08000228   0x08000228   0x00000040   Code   RO            4    .text               startup_stm32f407xx.o
    0x08000268   0x08000268   0x000000ee   Code   RO         3852    .text               c_w.l(lludivv7m.o)
    0x08000356   0x08000356   0x0000003e   Code   RO         3854    .text               c_w.l(strlen.o)
    0x08000394   0x08000394   0x00000096   Code   RO         3856    .text               c_w.l(strncmp.o)
    0x0800042a   0x0800042a   0x0000008a   Code   RO         3858    .text               c_w.l(rt_memcpy_v6.o)
    0x080004b4   0x080004b4   0x0000004e   Code   RO         3860    .text               c_w.l(rt_memclr_w.o)
    0x08000502   0x08000502   0x00000002   PAD
    0x08000504   0x08000504   0x00000080   Code   RO         3862    .text               c_w.l(strcmpv7m.o)
    0x08000584   0x08000584   0x00000006   Code   RO         3864    .text               c_w.l(heapauxi.o)
    0x0800058a   0x0800058a   0x00000016   Code   RO         3905    .text               c_w.l(_rserrno.o)
    0x080005a0   0x080005a0   0x00000064   Code   RO         3907    .text               c_w.l(rt_memcpy_w.o)
    0x08000604   0x08000604   0x00000008   Code   RO         3985    .text               c_w.l(rt_errno_addr_intlibspace.o)
    0x0800060c   0x0800060c   0x00000008   Code   RO         3993    .text               c_w.l(libspace.o)
    0x08000614   0x08000614   0x0000004a   Code   RO         3996    .text               c_w.l(sys_stackheap_outer.o)
    0x0800065e   0x0800065e   0x00000012   Code   RO         3998    .text               c_w.l(exit.o)
    0x08000670   0x08000670   0x0000000c   Code   RO         4069    .text               c_w.l(sys_exit.o)
    0x0800067c   0x0800067c   0x00000002   Code   RO         4088    .text               c_w.l(use_no_semi.o)
    0x0800067e   0x0800067e   0x00000000   Code   RO         4090    .text               c_w.l(indicate_semi.o)
    0x0800067e   0x0800067e   0x00000002   PAD
    0x08000680   0x08000680   0x0000007c   Code   RO          726    i.Angle_Velocity    balane.o
    0x080006fc   0x080006fc   0x00000002   Code   RO          480    i.BusFault_Handler  stm32f4xx_it.o
    0x080006fe   0x080006fe   0x00000002   Code   RO          481    i.DebugMon_Handler  stm32f4xx_it.o
    0x08000700   0x08000700   0x00000010   Code   RO           13    i.Error_Handler     main.o
    0x08000710   0x08000710   0x00000092   Code   RO         2395    i.HAL_DMA_Abort     stm32f4xx_hal_dma.o
    0x080007a2   0x080007a2   0x00000024   Code   RO         2396    i.HAL_DMA_Abort_IT  stm32f4xx_hal_dma.o
    0x080007c6   0x080007c6   0x00000002   PAD
    0x080007c8   0x080007c8   0x00000024   Code   RO         2814    i.HAL_Delay         stm32f4xx_hal.o
    0x080007ec   0x080007ec   0x000001f0   Code   RO         2288    i.HAL_GPIO_Init     stm32f4xx_hal_gpio.o
    0x080009dc   0x080009dc   0x0000000a   Code   RO         2290    i.HAL_GPIO_ReadPin  stm32f4xx_hal_gpio.o
    0x080009e6   0x080009e6   0x0000000a   Code   RO         2292    i.HAL_GPIO_WritePin  stm32f4xx_hal_gpio.o
    0x080009f0   0x080009f0   0x0000000c   Code   RO         2820    i.HAL_GetTick       stm32f4xx_hal.o
    0x080009fc   0x080009fc   0x00000010   Code   RO         2826    i.HAL_IncTick       stm32f4xx_hal.o
    0x08000a0c   0x08000a0c   0x00000034   Code   RO         2827    i.HAL_Init          stm32f4xx_hal.o
    0x08000a40   0x08000a40   0x00000040   Code   RO         2828    i.HAL_InitTick      stm32f4xx_hal.o
    0x08000a80   0x08000a80   0x00000030   Code   RO          556    i.HAL_MspInit       stm32f4xx_hal_msp.o
    0x08000ab0   0x08000ab0   0x0000001a   Code   RO         2677    i.HAL_NVIC_EnableIRQ  stm32f4xx_hal_cortex.o
    0x08000aca   0x08000aca   0x00000002   PAD
    0x08000acc   0x08000acc   0x00000040   Code   RO         2683    i.HAL_NVIC_SetPriority  stm32f4xx_hal_cortex.o
    0x08000b0c   0x08000b0c   0x00000024   Code   RO         2684    i.HAL_NVIC_SetPriorityGrouping  stm32f4xx_hal_cortex.o
    0x08000b30   0x08000b30   0x00000134   Code   RO         1934    i.HAL_RCC_ClockConfig  stm32f4xx_hal_rcc.o
    0x08000c64   0x08000c64   0x00000020   Code   RO         1941    i.HAL_RCC_GetPCLK1Freq  stm32f4xx_hal_rcc.o
    0x08000c84   0x08000c84   0x00000020   Code   RO         1942    i.HAL_RCC_GetPCLK2Freq  stm32f4xx_hal_rcc.o
    0x08000ca4   0x08000ca4   0x00000064   Code   RO         1943    i.HAL_RCC_GetSysClockFreq  stm32f4xx_hal_rcc.o
    0x08000d08   0x08000d08   0x0000036c   Code   RO         1946    i.HAL_RCC_OscConfig  stm32f4xx_hal_rcc.o
    0x08001074   0x08001074   0x00000028   Code   RO         2688    i.HAL_SYSTICK_Config  stm32f4xx_hal_cortex.o
    0x0800109c   0x0800109c   0x00000002   Code   RO         1666    i.HAL_TIMEx_BreakCallback  stm32f4xx_hal_tim_ex.o
    0x0800109e   0x0800109e   0x00000002   Code   RO         1667    i.HAL_TIMEx_CommutCallback  stm32f4xx_hal_tim_ex.o
    0x080010a0   0x080010a0   0x00000090   Code   RO         1685    i.HAL_TIMEx_MasterConfigSynchronization  stm32f4xx_hal_tim_ex.o
    0x08001130   0x08001130   0x0000005a   Code   RO          962    i.HAL_TIM_Base_Init  stm32f4xx_hal_tim.o
    0x0800118a   0x0800118a   0x00000002   PAD
    0x0800118c   0x0800118c   0x00000054   Code   RO          222    i.HAL_TIM_Base_MspInit  tim.o
    0x080011e0   0x080011e0   0x00000080   Code   RO          967    i.HAL_TIM_Base_Start_IT  stm32f4xx_hal_tim.o
    0x08001260   0x08001260   0x000000dc   Code   RO          971    i.HAL_TIM_ConfigClockSource  stm32f4xx_hal_tim.o
    0x0800133c   0x0800133c   0x00000002   Code   RO          996    i.HAL_TIM_IC_CaptureCallback  stm32f4xx_hal_tim.o
    0x0800133e   0x0800133e   0x00000166   Code   RO         1010    i.HAL_TIM_IRQHandler  stm32f4xx_hal_tim.o
    0x080014a4   0x080014a4   0x00000054   Code   RO          223    i.HAL_TIM_MspPostInit  tim.o
    0x080014f8   0x080014f8   0x00000002   Code   RO         1013    i.HAL_TIM_OC_DelayElapsedCallback  stm32f4xx_hal_tim.o
    0x080014fa   0x080014fa   0x000000cc   Code   RO         1034    i.HAL_TIM_PWM_ConfigChannel  stm32f4xx_hal_tim.o
    0x080015c6   0x080015c6   0x0000005a   Code   RO         1037    i.HAL_TIM_PWM_Init  stm32f4xx_hal_tim.o
    0x08001620   0x08001620   0x00000040   Code   RO          225    i.HAL_TIM_PWM_MspInit  tim.o
    0x08001660   0x08001660   0x00000002   Code   RO         1040    i.HAL_TIM_PWM_PulseFinishedCallback  stm32f4xx_hal_tim.o
    0x08001662   0x08001662   0x00000002   PAD
    0x08001664   0x08001664   0x000000c8   Code   RO         1042    i.HAL_TIM_PWM_Start  stm32f4xx_hal_tim.o
    0x0800172c   0x0800172c   0x0000006c   Code   RO          226    i.HAL_TIM_PeriodElapsedCallback  tim.o
    0x08001798   0x08001798   0x00000002   Code   RO         1053    i.HAL_TIM_TriggerCallback  stm32f4xx_hal_tim.o
    0x0800179a   0x0800179a   0x00000002   Code   RO         3469    i.HAL_UARTEx_RxEventCallback  stm32f4xx_hal_uart.o
    0x0800179c   0x0800179c   0x00000002   Code   RO         3483    i.HAL_UART_ErrorCallback  stm32f4xx_hal_uart.o
    0x0800179e   0x0800179e   0x00000002   PAD
    0x080017a0   0x080017a0   0x00000268   Code   RO         3486    i.HAL_UART_IRQHandler  stm32f4xx_hal_uart.o
    0x08001a08   0x08001a08   0x00000062   Code   RO         3487    i.HAL_UART_Init     stm32f4xx_hal_uart.o
    0x08001a6a   0x08001a6a   0x00000002   PAD
    0x08001a6c   0x08001a6c   0x000000cc   Code   RO          353    i.HAL_UART_MspInit  usart.o
    0x08001b38   0x08001b38   0x0000002a   Code   RO         3492    i.HAL_UART_Receive_IT  stm32f4xx_hal_uart.o
    0x08001b62   0x08001b62   0x00000002   PAD
    0x08001b64   0x08001b64   0x000001cc   Code   RO          354    i.HAL_UART_RxCpltCallback  usart.o
    0x08001d30   0x08001d30   0x000000b2   Code   RO         3495    i.HAL_UART_Transmit  stm32f4xx_hal_uart.o
    0x08001de2   0x08001de2   0x00000002   Code   RO         3498    i.HAL_UART_TxCpltCallback  stm32f4xx_hal_uart.o
    0x08001de4   0x08001de4   0x00000002   Code   RO          482    i.HardFault_Handler  stm32f4xx_it.o
    0x08001de6   0x08001de6   0x00000002   PAD
    0x08001de8   0x08001de8   0x00000018   Code   RO          355    i.LL_AHB1_GRP1_EnableClock  usart.o
    0x08001e00   0x08001e00   0x00000018   Code   RO          356    i.LL_APB1_GRP1_EnableClock  usart.o
    0x08001e18   0x08001e18   0x00000136   Code   RO         3363    i.LL_GPIO_Init      stm32f4xx_ll_gpio.o
    0x08001f4e   0x08001f4e   0x00000020   Code   RO         3069    i.LL_RCC_GetSystemClocksFreq  stm32f4xx_ll_rcc.o
    0x08001f6e   0x08001f6e   0x00000002   PAD
    0x08001f70   0x08001f70   0x000000a0   Code   RO         3296    i.LL_USART_Init     stm32f4xx_ll_usart.o
    0x08002010   0x08002010   0x000000b0   Code   RO         3297    i.LL_USART_SetBaudRate  stm32f4xx_ll_usart.o
    0x080020c0   0x080020c0   0x000000c0   Code   RO          328    i.MX_GPIO_Init      gpio.o
    0x08002180   0x08002180   0x00000080   Code   RO          227    i.MX_TIM13_Init     tim.o
    0x08002200   0x08002200   0x0000006c   Code   RO          228    i.MX_TIM4_Init      tim.o
    0x0800226c   0x0800226c   0x00000048   Code   RO          358    i.MX_USART1_UART_Init  usart.o
    0x080022b4   0x080022b4   0x00000038   Code   RO          359    i.MX_USART2_UART_Init  usart.o
    0x080022ec   0x080022ec   0x000000a8   Code   RO          360    i.MX_USART3_UART_Init  usart.o
    0x08002394   0x08002394   0x00000002   Code   RO          483    i.MemManage_Handler  stm32f4xx_it.o
    0x08002396   0x08002396   0x00000002   Code   RO          484    i.NMI_Handler       stm32f4xx_it.o
    0x08002398   0x08002398   0x00000032   Code   RO          361    i.NVIC_EncodePriority  usart.o
    0x080023ca   0x080023ca   0x00000002   PAD
    0x080023cc   0x080023cc   0x00000024   Code   RO          229    i.PWM_SetDuty       tim.o
    0x080023f0   0x080023f0   0x00000002   Code   RO          485    i.PendSV_Handler    stm32f4xx_it.o
    0x080023f2   0x080023f2   0x00000002   PAD
    0x080023f4   0x080023f4   0x0000001c   Code   RO         3072    i.RCC_GetHCLKClockFreq  stm32f4xx_ll_rcc.o
    0x08002410   0x08002410   0x0000001c   Code   RO         3073    i.RCC_GetPCLK1ClockFreq  stm32f4xx_ll_rcc.o
    0x0800242c   0x0800242c   0x0000001c   Code   RO         3074    i.RCC_GetPCLK2ClockFreq  stm32f4xx_ll_rcc.o
    0x08002448   0x08002448   0x0000002c   Code   RO         3075    i.RCC_GetSystemClockFreq  stm32f4xx_ll_rcc.o
    0x08002474   0x08002474   0x00000050   Code   RO         3078    i.RCC_PLL_GetFreqDomain_SYS  stm32f4xx_ll_rcc.o
    0x080024c4   0x080024c4   0x00000002   Code   RO          486    i.SVC_Handler       stm32f4xx_it.o
    0x080024c6   0x080024c6   0x00000002   PAD
    0x080024c8   0x080024c8   0x00000080   Code   RO          841    i.Steer_Engine_control  servo.o
    0x08002548   0x08002548   0x00000004   Code   RO          487    i.SysTick_Handler   stm32f4xx_it.o
    0x0800254c   0x0800254c   0x00000090   Code   RO           14    i.SystemClock_Config  main.o
    0x080025dc   0x080025dc   0x00000010   Code   RO         3816    i.SystemInit        system_stm32f4xx.o
    0x080025ec   0x080025ec   0x0000000c   Code   RO          230    i.TIM4_IRQHandler   tim.o
    0x080025f8   0x080025f8   0x000000c8   Code   RO         1055    i.TIM_Base_SetConfig  stm32f4xx_hal_tim.o
    0x080026c0   0x080026c0   0x0000001a   Code   RO         1056    i.TIM_CCxChannelCmd  stm32f4xx_hal_tim.o
    0x080026da   0x080026da   0x00000014   Code   RO         1066    i.TIM_ETR_SetConfig  stm32f4xx_hal_tim.o
    0x080026ee   0x080026ee   0x00000010   Code   RO         1067    i.TIM_ITRx_SetConfig  stm32f4xx_hal_tim.o
    0x080026fe   0x080026fe   0x00000002   PAD
    0x08002700   0x08002700   0x00000060   Code   RO         1068    i.TIM_OC1_SetConfig  stm32f4xx_hal_tim.o
    0x08002760   0x08002760   0x0000006c   Code   RO         1069    i.TIM_OC2_SetConfig  stm32f4xx_hal_tim.o
    0x080027cc   0x080027cc   0x00000068   Code   RO         1070    i.TIM_OC3_SetConfig  stm32f4xx_hal_tim.o
    0x08002834   0x08002834   0x00000050   Code   RO         1071    i.TIM_OC4_SetConfig  stm32f4xx_hal_tim.o
    0x08002884   0x08002884   0x00000022   Code   RO         1073    i.TIM_TI1_ConfigInputStage  stm32f4xx_hal_tim.o
    0x080028a6   0x080028a6   0x00000024   Code   RO         1075    i.TIM_TI2_ConfigInputStage  stm32f4xx_hal_tim.o
    0x080028ca   0x080028ca   0x00000010   Code   RO         3500    i.UART_DMAAbortOnError  stm32f4xx_hal_uart.o
    0x080028da   0x080028da   0x0000004e   Code   RO         3510    i.UART_EndRxTransfer  stm32f4xx_hal_uart.o
    0x08002928   0x08002928   0x000000c0   Code   RO         3512    i.UART_Receive_IT   stm32f4xx_hal_uart.o
    0x080029e8   0x080029e8   0x0000010c   Code   RO         3513    i.UART_SetConfig    stm32f4xx_hal_uart.o
    0x08002af4   0x08002af4   0x0000003a   Code   RO         3515    i.UART_Start_Receive_IT  stm32f4xx_hal_uart.o
    0x08002b2e   0x08002b2e   0x00000078   Code   RO         3516    i.UART_WaitOnFlagUntilTimeout  stm32f4xx_hal_uart.o
    0x08002ba6   0x08002ba6   0x00000002   PAD
    0x08002ba8   0x08002ba8   0x00000020   Code   RO          362    i.USART1_IRQHandler  usart.o
    0x08002bc8   0x08002bc8   0x0000000c   Code   RO          363    i.USART2_IRQHandler  usart.o
    0x08002bd4   0x08002bd4   0x0000003c   Code   RO          580    i.USART3_IRQHandler  imu.o
    0x08002c10   0x08002c10   0x00000002   Code   RO          488    i.UsageFault_Handler  stm32f4xx_it.o
    0x08002c12   0x08002c12   0x00000002   PAD
    0x08002c14   0x08002c14   0x00000080   Code   RO          727    i.Velocity_Control  balane.o
    0x08002c94   0x08002c94   0x00000084   Code   RO          728    i.X_balance_Control  balane.o
    0x08002d18   0x08002d18   0x00000030   Code   RO         3948    i.__ARM_fpclassify  m_wm.l(fpclassify.o)
    0x08002d48   0x08002d48   0x0000001a   Code   RO          364    i.__NVIC_EnableIRQ  usart.o
    0x08002d62   0x08002d62   0x00000020   Code   RO          365    i.__NVIC_SetPriority  usart.o
    0x08002d82   0x08002d82   0x00000020   Code   RO         2690    i.__NVIC_SetPriority  stm32f4xx_hal_cortex.o
    0x08002da2   0x08002da2   0x00000006   PAD
    0x08002da8   0x08002da8   0x00000c50   Code   RO         3886    i.__hardfp_pow      m_wm.l(pow.o)
    0x080039f8   0x080039f8   0x000000f8   Code   RO         3950    i.__kernel_poly     m_wm.l(poly.o)
    0x08003af0   0x08003af0   0x00000030   Code   RO         3928    i.__mathlib_dbl_divzero  m_wm.l(dunder.o)
    0x08003b20   0x08003b20   0x00000014   Code   RO         3930    i.__mathlib_dbl_infnan2  m_wm.l(dunder.o)
    0x08003b34   0x08003b34   0x00000004   PAD
    0x08003b38   0x08003b38   0x00000020   Code   RO         3931    i.__mathlib_dbl_invalid  m_wm.l(dunder.o)
    0x08003b58   0x08003b58   0x00000020   Code   RO         3932    i.__mathlib_dbl_overflow  m_wm.l(dunder.o)
    0x08003b78   0x08003b78   0x00000020   Code   RO         3934    i.__mathlib_dbl_underflow  m_wm.l(dunder.o)
    0x08003b98   0x08003b98   0x0000011c   Code   RO          729    i.balance           balane.o
    0x08003cb4   0x08003cb4   0x0000002e   Code   RO          693    i.crc16_update      packet.o
    0x08003ce2   0x08003ce2   0x00000018   Code   RO         3944    i.fabs              m_wm.l(fabs.o)
    0x08003cfa   0x08003cfa   0x00000002   PAD
    0x08003cfc   0x08003cfc   0x00000024   Code   RO          904    i.gpio_get_level    zf_device_key.o
    0x08003d20   0x08003d20   0x00000018   Code   RO          657    i.imu_data_decode_init  imu_data_decode.o
    0x08003d38   0x08003d38   0x00000004   Code   RO          581    i.imu_init          imu.o
    0x08003d3c   0x08003d3c   0x00000028   Code   RO          582    i.imu_task          imu.o
    0x08003d64   0x08003d64   0x00000010   Code   RO          905    i.key_clear_all_state  zf_device_key.o
    0x08003d74   0x08003d74   0x0000000c   Code   RO          907    i.key_get_state     zf_device_key.o
    0x08003d80   0x08003d80   0x0000001c   Code   RO          908    i.key_init          zf_device_key.o
    0x08003d9c   0x08003d9c   0x00000070   Code   RO          909    i.key_scanner       zf_device_key.o
    0x08003e0c   0x08003e0c   0x00000030   Code   RO          583    i.low_pass_filter   imu.o
    0x08003e3c   0x08003e3c   0x000000e4   Code   RO           16    i.main              main.o
    0x08003f20   0x08003f20   0x00000150   Code   RO          791    i.odrive_analyze_speed  odrive.o
    0x08004070   0x08004070   0x00000028   Code   RO          792    i.odrive_feedback   odrive.o
    0x08004098   0x08004098   0x00000140   Code   RO          794    i.odrive_speed_ctl  odrive.o
    0x080041d8   0x080041d8   0x0000023c   Code   RO          658    i.on_data_received  imu_data_decode.o
    0x08004414   0x08004414   0x000000c4   Code   RO          694    i.packet_decode     packet.o
    0x080044d8   0x080044d8   0x00000018   Code   RO          695    i.packet_decode_init  packet.o
    0x080044f0   0x080044f0   0x00000088   Code   RO          730    i.param_init        balane.o
    0x08004578   0x08004578   0x00000018   Code   RO          845    i.servo_init        servo.o
    0x08004590   0x08004590   0x00000034   Code   RO          846    i.servo_set_duty    servo.o
    0x080045c4   0x080045c4   0x0000003c   Code   RO          231    i.set_pwm_duty      tim.o
    0x08004600   0x08004600   0x0000006e   Code   RO         3955    i.sqrt              m_wm.l(sqrt.o)
    0x0800466e   0x0800466e   0x00000016   Code   RO          659    i.stream2int16      imu_data_decode.o
    0x08004684   0x08004684   0x00000018   Code   RO         3909    x$fpl$basic         fz_wm.l(basic.o)
    0x0800469c   0x0800469c   0x00000062   Code   RO         3868    x$fpl$d2f           fz_wm.l(d2f.o)
    0x080046fe   0x080046fe   0x00000002   PAD
    0x08004700   0x08004700   0x00000150   Code   RO         3870    x$fpl$dadd          fz_wm.l(daddsub_clz.o)
    0x08004850   0x08004850   0x00000010   Code   RO         3987    x$fpl$dcheck1       fz_wm.l(dcheck1.o)
    0x08004860   0x08004860   0x00000018   Code   RO         4010    x$fpl$dcmpinf       fz_wm.l(dcmpi.o)
    0x08004878   0x08004878   0x000002b0   Code   RO         3912    x$fpl$ddiv          fz_wm.l(ddiv.o)
    0x08004b28   0x08004b28   0x0000002e   Code   RO         3877    x$fpl$dflt          fz_wm.l(dflt_clz.o)
    0x08004b56   0x08004b56   0x00000002   PAD
    0x08004b58   0x08004b58   0x00000078   Code   RO         3989    x$fpl$dleqf         fz_wm.l(dleqf.o)
    0x08004bd0   0x08004bd0   0x00000154   Code   RO         3882    x$fpl$dmul          fz_wm.l(dmul.o)
    0x08004d24   0x08004d24   0x0000009c   Code   RO         3915    x$fpl$dnaninf       fz_wm.l(dnaninf.o)
    0x08004dc0   0x08004dc0   0x0000000c   Code   RO         3917    x$fpl$dretinf       fz_wm.l(dretinf.o)
    0x08004dcc   0x08004dcc   0x0000006c   Code   RO         3919    x$fpl$drleqf        fz_wm.l(drleqf.o)
    0x08004e38   0x08004e38   0x00000016   Code   RO         3871    x$fpl$drsb          fz_wm.l(daddsub_clz.o)
    0x08004e4e   0x08004e4e   0x00000002   PAD
    0x08004e50   0x08004e50   0x00000198   Code   RO         3991    x$fpl$dsqrt         fz_wm.l(dsqrt_umaal.o)
    0x08004fe8   0x08004fe8   0x000001d4   Code   RO         3872    x$fpl$dsub          fz_wm.l(daddsub_clz.o)
    0x080051bc   0x080051bc   0x00000056   Code   RO         3884    x$fpl$f2d           fz_wm.l(f2d.o)
    0x08005212   0x08005212   0x0000008c   Code   RO         3921    x$fpl$fnaninf       fz_wm.l(fnaninf.o)
    0x0800529e   0x0800529e   0x0000000a   Code   RO         4084    x$fpl$fpinit        fz_wm.l(fpinit.o)
    0x080052a8   0x080052a8   0x0000000a   Code   RO         3923    x$fpl$fretinf       fz_wm.l(fretinf.o)
    0x080052b2   0x080052b2   0x00000064   Code   RO         4012    x$fpl$retnan        fz_wm.l(retnan.o)
    0x08005316   0x08005316   0x0000005c   Code   RO         3925    x$fpl$scalbn        fz_wm.l(scalbn.o)
    0x08005372   0x08005372   0x00000030   Code   RO         4067    x$fpl$trapveneer    fz_wm.l(trapv.o)
    0x080053a2   0x080053a2   0x00000000   Code   RO         3927    x$fpl$usenofp       fz_wm.l(usenofp.o)
    0x080053a2   0x080053a2   0x00000010   Data   RO         3817    .constdata          system_stm32f4xx.o
    0x080053b2   0x080053b2   0x00000008   Data   RO         3818    .constdata          system_stm32f4xx.o
    0x080053ba   0x080053ba   0x00000006   PAD
    0x080053c0   0x080053c0   0x00000088   Data   RO         3889    .constdata          m_wm.l(pow.o)
    0x08005448   0x08005448   0x00000008   Data   RO         3952    .constdata          m_wm.l(qnan.o)
    0x08005450   0x08005450   0x00000020   Data   RO         4140    Region$$Table       anon$$obj.o


    Execution Region RW_IRAM2 (Exec base: 0x10000000, Load base: 0x08005574, Size: 0x00000000, Max: 0x00010000, ABSOLUTE)

    **** No section assigned to this execution region ****


    Execution Region RW_IRAM1 (Exec base: 0x20000000, Load base: 0x08005470, Size: 0x00001770, Max: 0x00020000, ABSOLUTE)

    Exec Addr    Load Addr    Size         Type   Attr      Idx    E Section Name        Object

    0x20000000   0x08005470   0x00000004   Data   RW           17    .data               main.o
    0x20000004   0x08005474   0x00000018   Data   RW           19    .data               main.o
    0x2000001c   0x0800548c   0x00000008   Data   RW          235    .data               tim.o
    0x20000024   0x08005494   0x00000027   Data   RW          370    .data               usart.o
    0x2000004b   0x080054bb   0x00000001   PAD
    0x2000004c   0x080054bc   0x00000020   Data   RW          589    .data               imu.o
    0x2000006c   0x080054dc   0x00000001   Data   RW          661    .data               imu_data_decode.o
    0x2000006d   0x080054dd   0x00000003   PAD
    0x20000070   0x080054e0   0x00000018   Data   RW          696    .data               packet.o
    0x20000088   0x080054f8   0x00000044   Data   RW          735    .data               balane.o
    0x200000cc   0x0800553c   0x00000004   Data   RW          796    .data               odrive.o
    0x200000d0   0x08005540   0x00000014   Data   RW          848    .data               servo.o
    0x200000e4   0x08005554   0x00000010   Data   RW          910    .data               zf_device_key.o
    0x200000f4   0x08005564   0x0000000c   Data   RW         2834    .data               stm32f4xx_hal.o
    0x20000100   0x08005570   0x00000004   Data   RW         3819    .data               system_stm32f4xx.o
    0x20000104        -       0x00000090   Zero   RW          233    .bss                tim.o
    0x20000194        -       0x00000150   Zero   RW          366    .bss                usart.o
    0x200002e4        -       0x00000024   Zero   RW          586    .bss                imu.o
    0x20000308        -       0x00000d1b   Zero   RW          660    .bss                imu_data_decode.o
    0x20001023   0x08005574   0x00000001   PAD
    0x20001024        -       0x000000bc   Zero   RW          731    .bss                balane.o
    0x200010e0        -       0x00000030   Zero   RW          795    .bss                odrive.o
    0x20001110        -       0x00000060   Zero   RW         3994    .bss                c_w.l(libspace.o)
    0x20001170        -       0x00000200   Zero   RW            2    HEAP                startup_stm32f407xx.o
    0x20001370        -       0x00000400   Zero   RW            1    STACK               startup_stm32f407xx.o


==============================================================================

Image component sizes


      Code (inc. data)   RO Data    RW Data    ZI Data      Debug   Object Name

       804        136          0         68        188       5711   balane.o
       192         14          0          0          0       1015   gpio.o
       152         26          0         32         36      16913   imu.o
       618         28          0          1       3355       3854   imu_data_decode.o
       388         42          0         28          0     732281   main.o
       696         68          0          4         48       2805   odrive.o
       266         16          0         24          0       3407   packet.o
       204         36          0         20          0       2811   servo.o
        64         26        392          0       1536        824   startup_stm32f407xx.o
       180         28          0         12          0       9261   stm32f4xx_hal.o
       198         14          0          0          0      33855   stm32f4xx_hal_cortex.o
       182          0          0          0          0       2043   stm32f4xx_hal_dma.o
       516         46          0          0          0       2783   stm32f4xx_hal_gpio.o
        48          6          0          0          0        818   stm32f4xx_hal_msp.o
      1348         76          0          0          0       5132   stm32f4xx_hal_rcc.o
      2018        136          0          0          0      15976   stm32f4xx_hal_tim.o
       148         28          0          0          0       2385   stm32f4xx_hal_tim_ex.o
      1672         16          0          0          0      11136   stm32f4xx_hal_uart.o
        20          0          0          0          0       4010   stm32f4xx_it.o
       310          0          0          0          0       7123   stm32f4xx_ll_gpio.o
       240         52          0          0          0      27611   stm32f4xx_ll_rcc.o
       336         24          0          0          0      16268   stm32f4xx_ll_usart.o
        16          4         24          4          0       1075   system_stm32f4xx.o
       684         92          0          8        144       6287   tim.o
      1160        144          0         39        336      56598   usart.o
       204         30          0         16          0       3172   zf_device_key.o

    ----------------------------------------------------------------------
     12700       1088        454        260       5644     975154   Object Totals
         0          0         32          0          0          0   (incl. Generated)
        36          0          6          4          1          0   (incl. Padding)

    ----------------------------------------------------------------------

      Code (inc. data)   RO Data    RW Data    ZI Data      Debug   Library Member Name

         8          0          0          0          0         68   __main.o
         0          0          0          0          0          0   __rtentry.o
        12          0          0          0          0          0   __rtentry2.o
         6          0          0          0          0          0   __rtentry4.o
        52          8          0          0          0          0   __scatter.o
        26          0          0          0          0          0   __scatter_copy.o
        28          0          0          0          0          0   __scatter_zi.o
        22          0          0          0          0        100   _rserrno.o
        18          0          0          0          0         80   exit.o
         6          0          0          0          0        152   heapauxi.o
         0          0          0          0          0          0   indicate_semi.o
         2          0          0          0          0          0   libinit.o
         6          0          0          0          0          0   libinit2.o
         2          0          0          0          0          0   libshutdown.o
         2          0          0          0          0          0   libshutdown2.o
         8          4          0          0         96         68   libspace.o
       238          0          0          0          0        100   lludivv7m.o
         8          4          0          0          0         68   rt_errno_addr_intlibspace.o
        78          0          0          0          0         80   rt_memclr_w.o
       138          0          0          0          0         68   rt_memcpy_v6.o
       100          0          0          0          0         80   rt_memcpy_w.o
         2          0          0          0          0          0   rtexit.o
        10          0          0          0          0          0   rtexit2.o
       128          0          0          0          0         68   strcmpv7m.o
        62          0          0          0          0         76   strlen.o
       150          0          0          0          0         80   strncmp.o
        12          4          0          0          0         68   sys_exit.o
        74          0          0          0          0         80   sys_stackheap_outer.o
         2          0          0          0          0         68   use_no_semi.o
        24          0          0          0          0        164   basic.o
        98          4          0          0          0        140   d2f.o
       826         16          0          0          0        492   daddsub_clz.o
        16          4          0          0          0        116   dcheck1.o
        24          0          0          0          0        116   dcmpi.o
       688        140          0          0          0        256   ddiv.o
        46          0          0          0          0        116   dflt_clz.o
       120          4          0          0          0        140   dleqf.o
       340         12          0          0          0        152   dmul.o
       156          4          0          0          0        140   dnaninf.o
        12          0          0          0          0        116   dretinf.o
       108          0          0          0          0        128   drleqf.o
       408         56          0          0          0        168   dsqrt_umaal.o
        86          4          0          0          0        132   f2d.o
       140          4          0          0          0        132   fnaninf.o
        10          0          0          0          0        116   fpinit.o
        10          0          0          0          0        116   fretinf.o
       100          0          0          0          0        116   retnan.o
        92          0          0          0          0        116   scalbn.o
        48          0          0          0          0        116   trapv.o
         0          0          0          0          0          0   usenofp.o
       164         44          0          0          0        620   dunder.o
        24          0          0          0          0        124   fabs.o
        48          0          0          0          0        124   fpclassify.o
       248          0          0          0          0        152   poly.o
      3152        296        136          0          0        352   pow.o
         0          0          8          0          0          0   qnan.o
       110          0          0          0          0        148   sqrt.o

    ----------------------------------------------------------------------
      8318        608        144          0         96       5912   Library Totals
        20          0          0          0          0          0   (incl. Padding)

    ----------------------------------------------------------------------

      Code (inc. data)   RO Data    RW Data    ZI Data      Debug   Library Name

      1200         20          0          0         96       1304   c_w.l
      3352        248          0          0          0       3088   fz_wm.l
      3746        340        144          0          0       1520   m_wm.l

    ----------------------------------------------------------------------
      8318        608        144          0         96       5912   Library Totals

    ----------------------------------------------------------------------

==============================================================================


      Code (inc. data)   RO Data    RW Data    ZI Data      Debug   

     21018       1696        598        260       5740     965742   Grand Totals
     21018       1696        598        260       5740     965742   ELF Image Totals
     21018       1696        598        260          0          0   ROM Totals

==============================================================================

    Total RO  Size (Code + RO Data)                21616 (  21.11kB)
    Total RW  Size (RW Data + ZI Data)              6000 (   5.86kB)
    Total ROM Size (Code + RO Data + RW Data)      21876 (  21.36kB)

==============================================================================

